Archive member included to satisfy reference by file (symbol)

/Applications/ArmGNUToolchain/14.2.rel1/arm-none-eabi/bin/../lib/gcc/arm-none-eabi/14.2.1/../../../../arm-none-eabi/lib/thumb/v6-m/nofp/libstdc++.a(del_ops.o)
                              CMakeFiles/Blink.dir/main.cpp.o (operator delete(void*, unsigned int))
/Applications/ArmGNUToolchain/14.2.rel1/arm-none-eabi/bin/../lib/gcc/arm-none-eabi/14.2.1/../../../../arm-none-eabi/lib/thumb/v6-m/nofp/libstdc++.a(eh_arm.o)
                              CMakeFiles/Blink.dir/main.cpp.o (__cxa_end_cleanup)
/Applications/ArmGNUToolchain/14.2.rel1/arm-none-eabi/bin/../lib/gcc/arm-none-eabi/14.2.1/../../../../arm-none-eabi/lib/thumb/v6-m/nofp/libstdc++.a(eh_exception.o)
                              /Applications/ArmGNUToolchain/14.2.rel1/arm-none-eabi/bin/../lib/gcc/arm-none-eabi/14.2.1/../../../../arm-none-eabi/lib/thumb/v6-m/nofp/libstdc++.a(eh_arm.o) (typeinfo for __cxxabiv1::__forced_unwind)
/Applications/ArmGNUToolchain/14.2.rel1/arm-none-eabi/bin/../lib/gcc/arm-none-eabi/14.2.1/../../../../arm-none-eabi/lib/thumb/v6-m/nofp/libstdc++.a(eh_globals.o)
                              /Applications/ArmGNUToolchain/14.2.rel1/arm-none-eabi/bin/../lib/gcc/arm-none-eabi/14.2.1/../../../../arm-none-eabi/lib/thumb/v6-m/nofp/libstdc++.a(eh_arm.o) (__cxa_get_globals)
/Applications/ArmGNUToolchain/14.2.rel1/arm-none-eabi/bin/../lib/gcc/arm-none-eabi/14.2.1/../../../../arm-none-eabi/lib/thumb/v6-m/nofp/libstdc++.a(eh_personality.o)
                              CMakeFiles/Blink.dir/main.cpp.o (__gxx_personality_v0)
/Applications/ArmGNUToolchain/14.2.rel1/arm-none-eabi/bin/../lib/gcc/arm-none-eabi/14.2.1/../../../../arm-none-eabi/lib/thumb/v6-m/nofp/libstdc++.a(eh_terminate.o)
                              /Applications/ArmGNUToolchain/14.2.rel1/arm-none-eabi/bin/../lib/gcc/arm-none-eabi/14.2.1/../../../../arm-none-eabi/lib/thumb/v6-m/nofp/libstdc++.a(eh_arm.o) (std::terminate())
/Applications/ArmGNUToolchain/14.2.rel1/arm-none-eabi/bin/../lib/gcc/arm-none-eabi/14.2.1/../../../../arm-none-eabi/lib/thumb/v6-m/nofp/libstdc++.a(eh_unex_handler.o)
                              /Applications/ArmGNUToolchain/14.2.rel1/arm-none-eabi/bin/../lib/gcc/arm-none-eabi/14.2.1/../../../../arm-none-eabi/lib/thumb/v6-m/nofp/libstdc++.a(eh_terminate.o) (__cxxabiv1::__unexpected_handler)
/Applications/ArmGNUToolchain/14.2.rel1/arm-none-eabi/bin/../lib/gcc/arm-none-eabi/14.2.1/../../../../arm-none-eabi/lib/thumb/v6-m/nofp/libstdc++.a(si_class_type_info.o)
                              /Applications/ArmGNUToolchain/14.2.rel1/arm-none-eabi/bin/../lib/gcc/arm-none-eabi/14.2.1/../../../../arm-none-eabi/lib/thumb/v6-m/nofp/libstdc++.a(eh_exception.o) (vtable for __cxxabiv1::__si_class_type_info)
/Applications/ArmGNUToolchain/14.2.rel1/arm-none-eabi/bin/../lib/gcc/arm-none-eabi/14.2.1/../../../../arm-none-eabi/lib/thumb/v6-m/nofp/libstdc++.a(tinfo.o)
                              /Applications/ArmGNUToolchain/14.2.rel1/arm-none-eabi/bin/../lib/gcc/arm-none-eabi/14.2.1/../../../../arm-none-eabi/lib/thumb/v6-m/nofp/libstdc++.a(si_class_type_info.o) (std::type_info::__is_pointer_p() const)
/Applications/ArmGNUToolchain/14.2.rel1/arm-none-eabi/bin/../lib/gcc/arm-none-eabi/14.2.1/../../../../arm-none-eabi/lib/thumb/v6-m/nofp/libstdc++.a(vterminate.o)
                              /Applications/ArmGNUToolchain/14.2.rel1/arm-none-eabi/bin/../lib/gcc/arm-none-eabi/14.2.1/../../../../arm-none-eabi/lib/thumb/v6-m/nofp/libstdc++.a(eh_terminate.o) (__gnu_cxx::__verbose_terminate_handler())
/Applications/ArmGNUToolchain/14.2.rel1/arm-none-eabi/bin/../lib/gcc/arm-none-eabi/14.2.1/../../../../arm-none-eabi/lib/thumb/v6-m/nofp/libstdc++.a(class_type_info.o)
                              /Applications/ArmGNUToolchain/14.2.rel1/arm-none-eabi/bin/../lib/gcc/arm-none-eabi/14.2.1/../../../../arm-none-eabi/lib/thumb/v6-m/nofp/libstdc++.a(si_class_type_info.o) (__cxxabiv1::__class_type_info::__do_upcast(__cxxabiv1::__class_type_info const*, void**) const)
/Applications/ArmGNUToolchain/14.2.rel1/arm-none-eabi/bin/../lib/gcc/arm-none-eabi/14.2.1/../../../../arm-none-eabi/lib/thumb/v6-m/nofp/libstdc++.a(cp-demangle.o)
                              /Applications/ArmGNUToolchain/14.2.rel1/arm-none-eabi/bin/../lib/gcc/arm-none-eabi/14.2.1/../../../../arm-none-eabi/lib/thumb/v6-m/nofp/libstdc++.a(vterminate.o) (__cxa_demangle)
/Applications/ArmGNUToolchain/14.2.rel1/arm-none-eabi/bin/../lib/gcc/arm-none-eabi/14.2.1/../../../../arm-none-eabi/lib/thumb/v6-m/nofp/libstdc++.a(eh_call.o)
                              /Applications/ArmGNUToolchain/14.2.rel1/arm-none-eabi/bin/../lib/gcc/arm-none-eabi/14.2.1/../../../../arm-none-eabi/lib/thumb/v6-m/nofp/libstdc++.a(eh_personality.o) (__cxa_call_terminate)
/Applications/ArmGNUToolchain/14.2.rel1/arm-none-eabi/bin/../lib/gcc/arm-none-eabi/14.2.1/../../../../arm-none-eabi/lib/thumb/v6-m/nofp/libstdc++.a(eh_catch.o)
[...]
Memory Configuration

Name             Origin             Length             Attributes
FLASH            0x10000000         0x00200000         xr
RAM              0x20000000         0x00040000         xrw
SCRATCH_X        0x20040000         0x00001000         xrw
SCRATCH_Y        0x20041000         0x00001000         xrw
*default*        0x00000000         0xffffffff

Linker script and memory map

LOAD /Applications/ArmGNUToolchain/14.2.rel1/arm-none-eabi/bin/../lib/gcc/arm-none-eabi/14.2.1/thumb/v6-m/nofp/crti.o
LOAD /Applications/ArmGNUToolchain/14.2.rel1/arm-none-eabi/bin/../lib/gcc/arm-none-eabi/14.2.1/thumb/v6-m/nofp/crtbegin.o
LOAD /Applications/ArmGNUToolchain/14.2.rel1/arm-none-eabi/bin/../lib/gcc/arm-none-eabi/14.2.1/../../../../arm-none-eabi/lib/thumb/v6-m/nofp/crt0.o

.flash_begin    0x10000000        0x0
                0x10000000                        __flash_binary_start = .

.boot2          0x10000000      0x100
                0x10000000                        __boot2_start__ = .
 *(.boot2)
 .boot2         0x10000000      0x100 ../pico-sdk/src/rp2040/boot_stage2/CMakeFiles/bs2_default_library.dir/bs2_default_padded_checksummed.S.o
                0x10000100                        __boot2_end__ = .
                0x00000001                        ASSERT (((__boot2_end__ - __boot2_start__) == 0x100), ERROR: Pico second stage bootloader must be 256 bytes in size)

.text           0x10000100    0x15a34
                0x10000100                        __logical_binary_start = .
 *(.vectors)
 .vectors       0x10000100       0xd4 CMakeFiles/Blink.dir/Users/ianarchbell/Documents/Pico/pico-sdk/src/rp2_common/pico_crt0/crt0.S.o
                0x10000100                __VECTOR_TABLE
                0x10000100                __vectors
                0x100001c0                __default_isrs_start
                0x100001c0                isr_invalid
                0x100001c2                isr_nmi
                0x100001c4                isr_hardfault
                0x100001c6                isr_svcall
                0x100001c8                isr_pendsv
                0x100001ca                isr_systick
                0x100001cc                isr_irq28
                0x100001cc                isr_irq19
                0x100001cc                isr_irq0
                0x100001cc                isr_irq6
                0x100001cc                isr_irq22
                0x100001cc                isr_irq17
                0x100001cc                isr_irq14
                0x100001cc                isr_irq2
                0x100001cc                isr_irq10
                0x100001cc                isr_irq8
                0x100001cc                isr_irq24
                0x100001cc                isr_irq1
                0x100001cc                isr_irq7
                0x100001cc                isr_irq21
                0x100001cc                isr_irq20
                0x100001cc                isr_irq15
                0x100001cc                isr_irq25
                0x100001cc                isr_irq4
                0x100001cc                isr_irq16
                0x100001cc                isr_irq29
                0x100001cc                isr_irq26
                0x100001cc                __default_isrs_end
                0x100001cc                isr_irq3
                0x100001cc                isr_irq9
                0x100001cc                __unhandled_user_irq
                0x100001cc                isr_irq13
                0x100001cc                isr_irq27
                0x100001cc                isr_irq31
                0x100001cc                isr_irq5
                0x100001cc                isr_irq11
                0x100001cc                isr_irq23
                0x100001cc                isr_irq18
                0x100001cc                isr_irq30
                0x100001cc                isr_irq12
                0x100001d2                unhandled_user_irq_num_in_r0
 *(.binary_info_header)
 .binary_info_header
                0x100001d4       0x14 CMakeFiles/Blink.dir/Users/ianarchbell/Documents/Pico/pico-sdk/src/rp2_common/pico_crt0/crt0.S.o
                0x100001e8                        __binary_info_header_end = .
 *(.embedded_block)
                0x100001e8                        __embedded_block_end = .
 *(.reset)
 .reset         0x100001e8       0x9c CMakeFiles/Blink.dir/Users/ianarchbell/Documents/Pico/pico-sdk/src/rp2_common/pico_crt0/crt0.S.o
                0x100001e8                _entry_point
 *(.init)
 .init          0x10000284        0x4 /Applications/ArmGNUToolchain/14.2.rel1/arm-none-eabi/bin/../lib/gcc/arm-none-eabi/14.2.1/thumb/v6-m/nofp/crti.o
                0x10000284                _init
 *(EXCLUDE_FILE(*libm.a: *libc.a:*lib_a-mem*.o *libgcc.a:) .text*)
 .text.register_tm_clones
                0x10000288       0x28 /Applications/ArmGNUToolchain/14.2.rel1/arm-none-eabi/bin/../lib/gcc/arm-none-eabi/14.2.1/thumb/v6-m/nofp/crtbegin.o
 .text.frame_dummy
                0x100002b0       0x24 /Applications/ArmGNUToolchain/14.2.rel1/arm-none-eabi/bin/../lib/gcc/arm-none-eabi/14.2.1/thumb/v6-m/nofp/crtbegin.o
 .text._Z12runTimeStatsv
                0x100002d4       0xc0 CMakeFiles/Blink.dir/main.cpp.o
                0x100002d4                runTimeStats()
 .text._Z8mainTaskPv
                0x10000394      0x118 CMakeFiles/Blink.dir/main.cpp.o
                0x10000394                mainTask(void*)
 .text._Z7vLaunchv
                0x100004ac       0x2c CMakeFiles/Blink.dir/main.cpp.o
                0x100004ac                vLaunch()
 .text.main     0x100004d8       0x30 CMakeFiles/Blink.dir/main.cpp.o
                0x100004d8                main
 .text._ZN5BlinkD2Ev
                0x10000508       0x1c CMakeFiles/Blink.dir/Blink.cpp.o
                0x10000508                Blink::~Blink()
                0x10000508                Blink::~Blink()
 .text._ZN5BlinkD0Ev
                0x10000524       0x14 CMakeFiles/Blink.dir/Blink.cpp.o
                0x10000524                Blink::~Blink()
 .text._ZN5Blink3runEPv
                0x10000538       0x40 CMakeFiles/Blink.dir/Blink.cpp.o
                0x10000538                Blink::run(void*)
 .text._ZN4TaskC2EPKcmh
                0x10000578       0x1c CMakeFiles/Blink.dir/Task.cpp.o
                0x10000578                Task::Task(char const*, unsigned long, unsigned char)
                0x10000578                Task::Task(char const*, unsigned long, unsigned char)
 .text._ZN4TaskD2Ev
                0x10000594        0xc CMakeFiles/Blink.dir/Task.cpp.o
                0x10000594                Task::~Task()
                0x10000594                Task::~Task()
 .text._ZN4Task5startEPv
                0x100005a0       0x40 CMakeFiles/Blink.dir/Task.cpp.o
                0x100005a0                Task::start(void*)
 .text._ZN4Task4stopEv
                0x100005e0       0x14 CMakeFiles/Blink.dir/Task.cpp.o
                0x100005e0                Task::stop()
 .text._ZN4Task7runTaskEPv
                0x100005f4       0x6c CMakeFiles/Blink.dir/Task.cpp.o
                0x100005f4                Task::runTask(void*)
 .text._ZN4DumbD2Ev
                0x10000660        0xc CMakeFiles/Blink.dir/Dumb.cpp.o
                0x10000660                Dumb::~Dumb()
                0x10000660                Dumb::~Dumb()
 .text._ZN4DumbD0Ev
                0x1000066c       0x14 CMakeFiles/Blink.dir/Dumb.cpp.o
                0x1000066c                Dumb::~Dumb()
 .text._ZN4DumbC2Ev
                0x10000680        0xc CMakeFiles/Blink.dir/Dumb.cpp.o
                0x10000680                Dumb::Dumb()
                0x10000680                Dumb::Dumb()
 .text.gpio_set_function
                0x1000068c       0x34 CMakeFiles/Blink.dir/Users/ianarchbell/Documents/Pico/pico-sdk/src/rp2_common/hardware_gpio/gpio.c.o
                0x1000068c                gpio_set_function
 .text.gpio_set_pulls
                0x100006c0       0x38 CMakeFiles/Blink.dir/Users/ianarchbell/Documents/Pico/pico-sdk/src/rp2_common/hardware_gpio/gpio.c.o
                0x100006c0                gpio_set_pulls
 .text.gpio_set_input_hysteresis_enabled
                0x100006f8       0x28 CMakeFiles/Blink.dir/Users/ianarchbell/Documents/Pico/pico-sdk/src/rp2_common/hardware_gpio/gpio.c.o
                0x100006f8                gpio_set_input_hysteresis_enabled
 .text.gpio_add_raw_irq_handler_with_order_priority_masked
                0x10000720       0x40 CMakeFiles/Blink.dir/Users/ianarchbell/Documents/Pico/pico-sdk/src/rp2_common/hardware_gpio/gpio.c.o
                0x10000720                gpio_add_raw_irq_handler_with_order_priority_masked
 .text.gpio_remove_raw_irq_handler_masked
                0x10000760       0x48 CMakeFiles/Blink.dir/Users/ianarchbell/Documents/Pico/pico-sdk/src/rp2_common/hardware_gpio/gpio.c.o
                0x10000760                gpio_remove_raw_irq_handler_masked
 .text.gpio_acknowledge_irq
                0x100007a8       0x18 CMakeFiles/Blink.dir/Users/ianarchbell/Documents/Pico/pico-sdk/src/rp2_common/hardware_gpio/gpio.c.o
                0x100007a8                gpio_acknowledge_irq
 .text._gpio_set_irq_enabled
                0x100007c0       0x38 CMakeFiles/Blink.dir/Users/ianarchbell/Documents/Pico/pico-sdk/src/rp2_common/hardware_gpio/gpio.c.o
 .text.gpio_set_irq_enabled
                0x100007f8       0x68 CMakeFiles/Blink.dir/Users/ianarchbell/Documents/Pico/pico-sdk/src/rp2_common/hardware_gpio/gpio.c.o
                0x100007f8                gpio_set_irq_enabled
 .text.gpio_init
                0x10000860       0x16 CMakeFiles/Blink.dir/Users/ianarchbell/Documents/Pico/pico-sdk/src/rp2_common/hardware_gpio/gpio.c.o
                0x10000860                gpio_init
 *fill*         0x10000876        0x2 
 .text.panic    0x10000878       0x30 CMakeFiles/Blink.dir/Users/ianarchbell/Documents/Pico/pico-sdk/src/rp2_common/pico_platform_panic/panic.c.o
                0x10000878                panic
 .text.panic_unsupported
                0x100008a8        0xc CMakeFiles/Blink.dir/Users/ianarchbell/Documents/Pico/pico-sdk/src/rp2_common/pico_platform_panic/panic.c.o
                0x100008a8                panic_unsupported
 .text.hw_claim_lock
                0x100008b4       0x18 CMakeFiles/Blink.dir/Users/ianarchbell/Documents/Pico/pico-sdk/src/common/hardware_claim/claim.c.o
                0x100008b4                hw_claim_lock
 .text.hw_claim_unlock
                0x100008cc       0x14 CMakeFiles/Blink.dir/Users/ianarchbell/Documents/Pico/pico-sdk/src/common/hardware_claim/claim.c.o
                0x100008cc                hw_claim_unlock
 .text.hw_claim_or_assert
                0x100008e0       0x32 CMakeFiles/Blink.dir/Users/ianarchbell/Documents/Pico/pico-sdk/src/common/hardware_claim/claim.c.o
                0x100008e0                hw_claim_or_assert
 .text.hw_claim_unused_from_range
                0x10000912       0x50 CMakeFiles/Blink.dir/Users/ianarchbell/Documents/Pico/pico-sdk/src/common/hardware_claim/claim.c.o
                0x10000912                hw_claim_unused_from_range
 *fill*         0x10000962        0x2 
 .text.hw_claim_clear
                0x10000964       0x40 CMakeFiles/Blink.dir/Users/ianarchbell/Documents/Pico/pico-sdk/src/common/hardware_claim/claim.c.o
                0x10000964                hw_claim_clear
 .text.next_striped_spin_lock_num
                0x100009a4       0x1c CMakeFiles/Blink.dir/Users/ianarchbell/Documents/Pico/pico-sdk/src/rp2_common/hardware_sync/sync.c.o
                0x100009a4                next_striped_spin_lock_num
 .text.spin_lock_claim
                0x100009c0       0x18 CMakeFiles/Blink.dir/Users/ianarchbell/Documents/Pico/pico-sdk/src/rp2_common/hardware_sync/sync.c.o
                0x100009c0                spin_lock_claim
 .text.spin_locks_reset
                0x100009d8       0x20 CMakeFiles/Blink.dir/Users/ianarchbell/Documents/Pico/pico-sdk/src/rp2_common/hardware_sync_spin_lock/sync_spin_lock.c.o
                0x100009d8                spin_locks_reset
 .text.set_raw_irq_handler_and_unlock
                0x100009f8       0x28 CMakeFiles/Blink.dir/Users/ianarchbell/Documents/Pico/pico-sdk/src/rp2_common/hardware_irq/irq.c.o
 .text.nvic_ipr0
                0x10000a20        0x8 CMakeFiles/Blink.dir/Users/ianarchbell/Documents/Pico/pico-sdk/src/rp2_common/hardware_irq/irq.c.o
 .text.runtime_init_per_core_irq_priorities
                0x10000a28       0x1c CMakeFiles/Blink.dir/Users/ianarchbell/Documents/Pico/pico-sdk/src/rp2_common/hardware_irq/irq.c.o
                0x10000a28                runtime_init_per_core_irq_priorities
 .text.get_user_irq_claim_index
                0x10000a44        0x6 CMakeFiles/Blink.dir/Users/ianarchbell/Documents/Pico/pico-sdk/src/rp2_common/hardware_irq/irq.c.o
 *fill*         0x10000a4a        0x2 
 .text.resolve_j_16
                0x10000a4c       0x30 CMakeFiles/Blink.dir/Users/ianarchbell/Documents/Pico/pico-sdk/src/rp2_common/hardware_irq/irq.c.o
 .text.make_j_16
                0x10000a7c       0x48 CMakeFiles/Blink.dir/Users/ianarchbell/Documents/Pico/pico-sdk/src/rp2_common/hardware_irq/irq.c.o
 .text.insert_bl_32
                0x10000ac4       0x40 CMakeFiles/Blink.dir/Users/ianarchbell/Documents/Pico/pico-sdk/src/rp2_common/hardware_irq/irq.c.o
 .text.irq_is_enabled
                0x10000b04       0x18 CMakeFiles/Blink.dir/Users/ianarchbell/Documents/Pico/pico-sdk/src/rp2_common/hardware_irq/irq.c.o
                0x10000b04                irq_is_enabled
 .text.irq_set_mask_n_enabled
                0x10000b1c       0x1c CMakeFiles/Blink.dir/Users/ianarchbell/Documents/Pico/pico-sdk/src/rp2_common/hardware_irq/irq.c.o
                0x10000b1c                irq_set_mask_n_enabled
 .text.irq_set_enabled
                0x10000b38       0x14 CMakeFiles/Blink.dir/Users/ianarchbell/Documents/Pico/pico-sdk/src/rp2_common/hardware_irq/irq.c.o
                0x10000b38                irq_set_enabled
 .text.irq_set_pending
                0x10000b4c       0x10 CMakeFiles/Blink.dir/Users/ianarchbell/Documents/Pico/pico-sdk/src/rp2_common/hardware_irq/irq.c.o
                0x10000b4c                irq_set_pending
 .text.irq_get_vtable_handler
                0x10000b5c       0x10 CMakeFiles/Blink.dir/Users/ianarchbell/Documents/Pico/pico-sdk/src/rp2_common/hardware_irq/irq.c.o
                0x10000b5c                irq_get_vtable_handler
 .text.irq_set_exclusive_handler
                0x10000b6c       0x54 CMakeFiles/Blink.dir/Users/ianarchbell/Documents/Pico/pico-sdk/src/rp2_common/hardware_irq/irq.c.o
                0x10000b6c                irq_set_exclusive_handler
 .text.irq_add_shared_handler
                0x10000bc0      0x218 CMakeFiles/Blink.dir/Users/ianarchbell/Documents/Pico/pico-sdk/src/rp2_common/hardware_irq/irq.c.o
                0x10000bc0                irq_add_shared_handler
 .text.irq_remove_handler
                0x10000dd8      0x18c CMakeFiles/Blink.dir/Users/ianarchbell/Documents/Pico/pico-sdk/src/rp2_common/hardware_irq/irq.c.o
                0x10000dd8                irq_remove_handler
 .text.irq_set_priority
                0x10000f64       0x26 CMakeFiles/Blink.dir/Users/ianarchbell/Documents/Pico/pico-sdk/src/rp2_common/hardware_irq/irq.c.o
                0x10000f64                irq_set_priority
 *fill*         0x10000f8a        0x2 
 .text.irq_add_tail_to_free_list
                0x10000f8c       0xf4 CMakeFiles/Blink.dir/Users/ianarchbell/Documents/Pico/pico-sdk/src/rp2_common/hardware_irq/irq.c.o
                0x10000f8c                irq_add_tail_to_free_list
 .text.user_irq_unclaim
                0x10001080       0x18 CMakeFiles/Blink.dir/Users/ianarchbell/Documents/Pico/pico-sdk/src/rp2_common/hardware_irq/irq.c.o
                0x10001080                user_irq_unclaim
 .text.user_irq_claim_unused
                0x10001098       0x2c CMakeFiles/Blink.dir/Users/ianarchbell/Documents/Pico/pico-sdk/src/rp2_common/hardware_irq/irq.c.o
                0x10001098                user_irq_claim_unused
 .text.sem_init
                0x100010c4       0x1e CMakeFiles/Blink.dir/Users/ianarchbell/Documents/Pico/pico-sdk/src/common/pico_sync/sem.c.o
                0x100010c4                sem_init
 *fill*         0x100010e2        0x2 
 .text.lock_init
                0x100010e4       0x10 CMakeFiles/Blink.dir/Users/ianarchbell/Documents/Pico/pico-sdk/src/common/pico_sync/lock_core.c.o
                0x100010e4                lock_init
 .text.mutex_init
                0x100010f4       0x1c CMakeFiles/Blink.dir/Users/ianarchbell/Documents/Pico/pico-sdk/src/common/pico_sync/mutex.c.o
                0x100010f4                mutex_init
 .text.recursive_mutex_init
                0x10001110       0x20 CMakeFiles/Blink.dir/Users/ianarchbell/Documents/Pico/pico-sdk/src/common/pico_sync/mutex.c.o
                0x10001110                recursive_mutex_init
 .text.runtime_init_mutex
                0x10001130       0x4c CMakeFiles/Blink.dir/Users/ianarchbell/Documents/Pico/pico-sdk/src/common/pico_sync/mutex.c.o
                0x10001130                runtime_init_mutex
 .text.make_alarm_id
                0x1000117c        0x6 CMakeFiles/Blink.dir/Users/ianarchbell/Documents/Pico/pico-sdk/src/common/pico_time/time.c.o
 *fill*         0x10001182        0x2 
 .text.alarm_pool_irq_handler
                0x10001184      0x300 CMakeFiles/Blink.dir/Users/ianarchbell/Documents/Pico/pico-sdk/src/common/pico_time/time.c.o
 .text.ta_enable_irq_handler
                0x10001484       0x2c CMakeFiles/Blink.dir/Users/ianarchbell/Documents/Pico/pico-sdk/src/common/pico_time/time.c.o
 .text.alarm_pool_post_alloc_init
                0x100014b0       0x78 CMakeFiles/Blink.dir/Users/ianarchbell/Documents/Pico/pico-sdk/src/common/pico_time/time.c.o
 .text.ta_disable_irq_handler
                0x10001528       0x30 CMakeFiles/Blink.dir/Users/ianarchbell/Documents/Pico/pico-sdk/src/common/pico_time/time.c.o
 .text.sleep_until_callback
                0x10001558       0x28 CMakeFiles/Blink.dir/Users/ianarchbell/Documents/Pico/pico-sdk/src/common/pico_time/time.c.o
 .text.alarm_pool_get_default
                0x10001580       0x2c CMakeFiles/Blink.dir/Users/ianarchbell/Documents/Pico/pico-sdk/src/common/pico_time/time.c.o
                0x10001580                alarm_pool_get_default
 .text.alarm_pool_create_on_timer_with_unused_hardware_alarm
                0x100015ac       0x32 CMakeFiles/Blink.dir/Users/ianarchbell/Documents/Pico/pico-sdk/src/common/pico_time/time.c.o
                0x100015ac                alarm_pool_create_on_timer_with_unused_hardware_alarm
 *fill*         0x100015de        0x2 
 .text.alarm_pool_destroy
                0x100015e0       0x70 CMakeFiles/Blink.dir/Users/ianarchbell/Documents/Pico/pico-sdk/src/common/pico_time/time.c.o
                0x100015e0                alarm_pool_destroy
 .text.alarm_pool_add_alarm_at_force_in_context
                0x10001650       0xa4 CMakeFiles/Blink.dir/Users/ianarchbell/Documents/Pico/pico-sdk/src/common/pico_time/time.c.o
                0x10001650                alarm_pool_add_alarm_at_force_in_context
 .text.alarm_pool_add_alarm_at
                0x100016f4       0x3c CMakeFiles/Blink.dir/Users/ianarchbell/Documents/Pico/pico-sdk/src/common/pico_time/time.c.o
                0x100016f4                alarm_pool_add_alarm_at
 .text.add_alarm_at
                0x10001730       0x2e CMakeFiles/Blink.dir/Users/ianarchbell/Documents/Pico/pico-sdk/src/common/pico_time/time.c.o
 *fill*         0x1000175e        0x2 
 .text.alarm_pool_cancel_alarm
                0x10001760       0x78 CMakeFiles/Blink.dir/Users/ianarchbell/Documents/Pico/pico-sdk/src/common/pico_time/time.c.o
                0x10001760                alarm_pool_cancel_alarm
 .text.cancel_alarm
                0x100017d8       0x10 CMakeFiles/Blink.dir/Users/ianarchbell/Documents/Pico/pico-sdk/src/common/pico_time/time.c.o
 .text.alarm_pool_core_num
                0x100017e8        0x4 CMakeFiles/Blink.dir/Users/ianarchbell/Documents/Pico/pico-sdk/src/common/pico_time/time.c.o
                0x100017e8                alarm_pool_core_num
 .text.sleep_until
                0x100017ec       0xa4 CMakeFiles/Blink.dir/Users/ianarchbell/Documents/Pico/pico-sdk/src/common/pico_time/time.c.o
                0x100017ec                sleep_until
 .text.sleep_us
                0x10001890       0x24 CMakeFiles/Blink.dir/Users/ianarchbell/Documents/Pico/pico-sdk/src/common/pico_time/time.c.o
                0x10001890                sleep_us
 .text.sleep_ms
                0x100018b4       0x14 CMakeFiles/Blink.dir/Users/ianarchbell/Documents/Pico/pico-sdk/src/common/pico_time/time.c.o
                0x100018b4                sleep_ms
 .text.best_effort_wfe_or_timeout
                0x100018c8       0xf4 CMakeFiles/Blink.dir/Users/ianarchbell/Documents/Pico/pico-sdk/src/common/pico_time/time.c.o
                0x100018c8                best_effort_wfe_or_timeout
 .text.alarm_pool_get_default_timer
                0x100019bc        0x8 CMakeFiles/Blink.dir/Users/ianarchbell/Documents/Pico/pico-sdk/src/common/pico_time/time.c.o
                0x100019bc                alarm_pool_get_default_timer
 .text.runtime_init_default_alarm_pool
                0x100019c4       0x38 CMakeFiles/Blink.dir/Users/ianarchbell/Documents/Pico/pico-sdk/src/common/pico_time/time.c.o
                0x100019c4                runtime_init_default_alarm_pool
 .text.timer_hardware_alarm_claim
                0x100019fc       0x14 CMakeFiles/Blink.dir/Users/ianarchbell/Documents/Pico/pico-sdk/src/rp2_common/hardware_timer/timer.c.o
                0x100019fc                timer_hardware_alarm_claim
 .text.timer_hardware_alarm_unclaim
                0x10001a10       0x10 CMakeFiles/Blink.dir/Users/ianarchbell/Documents/Pico/pico-sdk/src/rp2_common/hardware_timer/timer.c.o
                0x10001a10                timer_hardware_alarm_unclaim
 .text.hardware_alarm_unclaim
                0x10001a20       0x10 CMakeFiles/Blink.dir/Users/ianarchbell/Documents/Pico/pico-sdk/src/rp2_common/hardware_timer/timer.c.o
                0x10001a20                hardware_alarm_unclaim
 .text.timer_hardware_alarm_claim_unused
                0x10001a30       0x20 CMakeFiles/Blink.dir/Users/ianarchbell/Documents/Pico/pico-sdk/src/rp2_common/hardware_timer/timer.c.o
                0x10001a30                timer_hardware_alarm_claim_unused
 .text.timer_time_us_64
                0x10001a50       0x10 CMakeFiles/Blink.dir/Users/ianarchbell/Documents/Pico/pico-sdk/src/rp2_common/hardware_timer/timer.c.o
                0x10001a50                timer_time_us_64
 .text.timer_busy_wait_until
                0x10001a60       0x1a CMakeFiles/Blink.dir/Users/ianarchbell/Documents/Pico/pico-sdk/src/rp2_common/hardware_timer/timer.c.o
                0x10001a60                timer_busy_wait_until
 .text.timer_busy_wait_us
                0x10001a7a       0x38 CMakeFiles/Blink.dir/Users/ianarchbell/Documents/Pico/pico-sdk/src/rp2_common/hardware_timer/timer.c.o
                0x10001a7a                timer_busy_wait_us
 *fill*         0x10001ab2        0x2 
 .text.time_us_64
                0x10001ab4       0x10 CMakeFiles/Blink.dir/Users/ianarchbell/Documents/Pico/pico-sdk/src/rp2_common/hardware_timer/timer.c.o
                0x10001ab4                time_us_64
 .text.busy_wait_us
                0x10001ac4       0x14 CMakeFiles/Blink.dir/Users/ianarchbell/Documents/Pico/pico-sdk/src/rp2_common/hardware_timer/timer.c.o
                0x10001ac4                busy_wait_us
 .text.busy_wait_until
                0x10001ad8       0x14 CMakeFiles/Blink.dir/Users/ianarchbell/Documents/Pico/pico-sdk/src/rp2_common/hardware_timer/timer.c.o
                0x10001ad8                busy_wait_until
 .text.uart_unreset
                0x10001aec       0x2c CMakeFiles/Blink.dir/Users/ianarchbell/Documents/Pico/pico-sdk/src/rp2_common/hardware_uart/uart.c.o
 .text.uart_disable_before_lcr_write
                0x10001b18       0x48 CMakeFiles/Blink.dir/Users/ianarchbell/Documents/Pico/pico-sdk/src/rp2_common/hardware_uart/uart.c.o
 .text.uart_write_lcr_bits_masked
                0x10001b60       0x20 CMakeFiles/Blink.dir/Users/ianarchbell/Documents/Pico/pico-sdk/src/rp2_common/hardware_uart/uart.c.o
 .text.uart_set_baudrate
                0x10001b80       0x5c CMakeFiles/Blink.dir/Users/ianarchbell/Documents/Pico/pico-sdk/src/rp2_common/hardware_uart/uart.c.o
                0x10001b80                uart_set_baudrate
 .text.uart_set_translate_crlf
                0x10001bdc       0x28 CMakeFiles/Blink.dir/Users/ianarchbell/Documents/Pico/pico-sdk/src/rp2_common/hardware_uart/uart.c.o
                0x10001bdc                uart_set_translate_crlf
 .text.uart_init
                0x10001c04       0x64 CMakeFiles/Blink.dir/Users/ianarchbell/Documents/Pico/pico-sdk/src/rp2_common/hardware_uart/uart.c.o
                0x10001c04                uart_init
 .text.clock_configure_internal
                0x10001c68       0xc4 CMakeFiles/Blink.dir/Users/ianarchbell/Documents/Pico/pico-sdk/src/rp2_common/hardware_clocks/clocks.c.o
 .text.clock_configure_int_divider
                0x10001d2c       0x28 CMakeFiles/Blink.dir/Users/ianarchbell/Documents/Pico/pico-sdk/src/rp2_common/hardware_clocks/clocks.c.o
                0x10001d2c                clock_configure_int_divider
 .text.clock_configure_undivided
                0x10001d54       0x12 CMakeFiles/Blink.dir/Users/ianarchbell/Documents/Pico/pico-sdk/src/rp2_common/hardware_clocks/clocks.c.o
                0x10001d54                clock_configure_undivided
 *fill*         0x10001d66        0x2 
 .text.clock_get_hz
                0x10001d68        0xc CMakeFiles/Blink.dir/Users/ianarchbell/Documents/Pico/pico-sdk/src/rp2_common/hardware_clocks/clocks.c.o
                0x10001d68                clock_get_hz
 .text.pll_init
                0x10001d74      0x124 CMakeFiles/Blink.dir/Users/ianarchbell/Documents/Pico/pico-sdk/src/rp2_common/hardware_pll/pll.c.o
                0x10001d74                pll_init
 .text.tick_start
                0x10001e98       0x10 CMakeFiles/Blink.dir/Users/ianarchbell/Documents/Pico/pico-sdk/src/rp2_common/hardware_ticks/ticks.c.o
                0x10001e98                tick_start
 .text.rom_func_lookup
                0x10001ea8       0x10 CMakeFiles/Blink.dir/Users/ianarchbell/Documents/Pico/pico-sdk/src/rp2_common/pico_bootrom/bootrom.c.o
                0x10001ea8                rom_func_lookup
 .text.rom_data_lookup
                0x10001eb8       0x10 CMakeFiles/Blink.dir/Users/ianarchbell/Documents/Pico/pico-sdk/src/rp2_common/pico_bootrom/bootrom.c.o
                0x10001eb8                rom_data_lookup
 .text.rom_funcs_lookup
                0x10001ec8       0x36 CMakeFiles/Blink.dir/Users/ianarchbell/Documents/Pico/pico-sdk/src/rp2_common/pico_bootrom/bootrom.c.o
                0x10001ec8                rom_funcs_lookup
 *fill*         0x10001efe        0x2 
 .text.xosc_init
                0x10001f00       0x28 CMakeFiles/Blink.dir/Users/ianarchbell/Documents/Pico/pico-sdk/src/rp2_common/hardware_xosc/xosc.c.o
                0x10001f00                xosc_init
 .text.runtime_run_initializers_from
                0x10001f28       0x18 CMakeFiles/Blink.dir/Users/ianarchbell/Documents/Pico/pico-sdk/src/rp2_common/pico_runtime/runtime.c.o
 .text.first_per_core_initializer
                0x10001f40        0x2 CMakeFiles/Blink.dir/Users/ianarchbell/Documents/Pico/pico-sdk/src/rp2_common/pico_runtime/runtime.c.o
 *fill*         0x10001f42        0x2 
 .text.runtime_run_initializers
                0x10001f44       0x10 CMakeFiles/Blink.dir/Users/ianarchbell/Documents/Pico/pico-sdk/src/rp2_common/pico_runtime/runtime.c.o
                0x10001f44                runtime_run_initializers
 .text.runtime_run_per_core_initializers
                0x10001f54       0x10 CMakeFiles/Blink.dir/Users/ianarchbell/Documents/Pico/pico-sdk/src/rp2_common/pico_runtime/runtime.c.o
                0x10001f54                runtime_run_per_core_initializers
 .text.runtime_init_early_resets
                0x10001f64       0x2c CMakeFiles/Blink.dir/Users/ianarchbell/Documents/Pico/pico-sdk/src/rp2_common/pico_runtime_init/runtime_init.c.o
                0x10001f64                runtime_init_early_resets
 .text.runtime_init_usb_power_down
                0x10001f90       0x1c CMakeFiles/Blink.dir/Users/ianarchbell/Documents/Pico/pico-sdk/src/rp2_common/pico_runtime_init/runtime_init.c.o
                0x10001f90                runtime_init_usb_power_down
 .text.runtime_init_post_clock_resets
                0x10001fac       0x20 CMakeFiles/Blink.dir/Users/ianarchbell/Documents/Pico/pico-sdk/src/rp2_common/pico_runtime_init/runtime_init.c.o
                0x10001fac                runtime_init_post_clock_resets
 .text.runtime_init_rp2040_gpio_ie_disable
                0x10001fcc       0x14 CMakeFiles/Blink.dir/Users/ianarchbell/Documents/Pico/pico-sdk/src/rp2_common/pico_runtime_init/runtime_init.c.o
                0x10001fcc                runtime_init_rp2040_gpio_ie_disable
 .text.runtime_init_spin_locks_reset
                0x10001fe0        0x8 CMakeFiles/Blink.dir/Users/ianarchbell/Documents/Pico/pico-sdk/src/rp2_common/pico_runtime_init/runtime_init.c.o
                0x10001fe0                runtime_init_spin_locks_reset
 .text.runtime_init_install_ram_vector_table
                0x10001fe8       0x1c CMakeFiles/Blink.dir/Users/ianarchbell/Documents/Pico/pico-sdk/src/rp2_common/pico_runtime_init/runtime_init.c.o
                0x10001fe8                runtime_init_install_ram_vector_table
 .text.start_all_ticks
                0x10002004       0x28 CMakeFiles/Blink.dir/Users/ianarchbell/Documents/Pico/pico-sdk/src/rp2_common/pico_runtime_init/runtime_init_clocks.c.o
 .text.runtime_init_clocks
                0x1000202c       0xcc CMakeFiles/Blink.dir/Users/ianarchbell/Documents/Pico/pico-sdk/src/rp2_common/pico_runtime_init/runtime_init_clocks.c.o
                0x1000202c                runtime_init_clocks
 .text          0x100020f8       0x10 CMakeFiles/Blink.dir/Users/ianarchbell/Documents/Pico/pico-sdk/src/rp2_common/pico_bit_ops/bit_ops_aeabi.S.o
 .text.ctzsi    0x10002108        0xc CMakeFiles/Blink.dir/Users/ianarchbell/Documents/Pico/pico-sdk/src/rp2_common/pico_bit_ops/bit_ops_aeabi.S.o
                0x10002108                __wrap___ctzsi2
 .text.__wrap___aeabi_idiv
                0x10002114       0x50 CMakeFiles/Blink.dir/Users/ianarchbell/Documents/Pico/pico-sdk/src/rp2_common/pico_divider/divider_hardware.S.o
                0x10002114                __wrap___aeabi_idivmod
                0x10002114                divmod_s32s32
                0x10002114                div_s32s32
                0x10002114                __wrap___aeabi_idiv
                0x1000211c                divmod_s32s32_unsafe
                0x10002148                divmod_s32s32_savestate
 .text.__wrap___aeabi_uidiv
                0x10002164       0x4c CMakeFiles/Blink.dir/Users/ianarchbell/Documents/Pico/pico-sdk/src/rp2_common/pico_divider/divider_hardware.S.o
                0x10002164                __wrap___aeabi_uidiv
                0x10002164                __wrap___aeabi_uidivmod
                0x10002164                div_u32u32
                0x10002164                divmod_u32u32
                0x1000216c                divmod_u32u32_unsafe
                0x10002194                divmod_u32u32_savestate
 .text.__wrap___aeabi_ldiv
                0x100021b0      0x424 CMakeFiles/Blink.dir/Users/ianarchbell/Documents/Pico/pico-sdk/src/rp2_common/pico_divider/divider_hardware.S.o
                0x100021b0                __wrap___aeabi_ldivmod
                0x100021b0                div_s64s64
                0x100021b0                divmod_s64s64
                0x100021e0                divmod_u64u64
                0x100021e0                div_u64u64
                0x100021e0                __wrap___aeabi_uldivmod
                0x100021f0                divmod_u64u64_savestate
                0x10002210                divmod_s64s64_unsafe
                0x10002298                divmod_u64u64_unsafe
 .text.__wrap___aeabi_darithmetic
                0x100025d4       0x60 CMakeFiles/Blink.dir/Users/ianarchbell/Documents/Pico/pico-sdk/src/rp2_common/pico_double/double_aeabi_rp2040.S.o
                0x100025d4                __wrap___aeabi_drsub
                0x100025da                __wrap___aeabi_dsub
                0x100025e4                __wrap___aeabi_dadd
                0x100025ee                __wrap___aeabi_ddiv
                0x10002622                __wrap___aeabi_dmul
 .text.__wrap___aeabi_cdcmple
                0x10002634       0x6c CMakeFiles/Blink.dir/Users/ianarchbell/Documents/Pico/pico-sdk/src/rp2_common/pico_double/double_aeabi_rp2040.S.o
                0x10002634                __wrap___aeabi_cdrcmple
                0x10002644                __wrap___aeabi_cdcmple
                0x10002644                __wrap___aeabi_cdcmpeq
 .text.__wrap___aeabi_dcmplt
                0x100026a0        0xc CMakeFiles/Blink.dir/Users/ianarchbell/Documents/Pico/pico-sdk/src/rp2_common/pico_double/double_aeabi_rp2040.S.o
                0x100026a0                __wrap___aeabi_dcmplt
 .text.__wrap___aeabi_dcmple
                0x100026ac       0x10 CMakeFiles/Blink.dir/Users/ianarchbell/Documents/Pico/pico-sdk/src/rp2_common/pico_double/double_aeabi_rp2040.S.o
                0x100026ac                __wrap___aeabi_dcmple
 .text.__wrap___aeabi_dcmpge
                0x100026bc       0x10 CMakeFiles/Blink.dir/Users/ianarchbell/Documents/Pico/pico-sdk/src/rp2_common/pico_double/double_aeabi_rp2040.S.o
                0x100026bc                __wrap___aeabi_dcmpge
 .text.__wrap___aeabi_dcmpgt
                0x100026cc        0xa CMakeFiles/Blink.dir/Users/ianarchbell/Documents/Pico/pico-sdk/src/rp2_common/pico_double/double_aeabi_rp2040.S.o
                0x100026cc                __wrap___aeabi_dcmpgt
 .text.__wrap___aeabi_dcmpun
                0x100026d6       0x18 CMakeFiles/Blink.dir/Users/ianarchbell/Documents/Pico/pico-sdk/src/rp2_common/pico_double/double_aeabi_rp2040.S.o
                0x100026d6                __wrap___aeabi_dcmpun
 *fill*         0x100026ee        0x2 
 .text.__wrap___aeabi_i2d
                0x100026f0       0x38 CMakeFiles/Blink.dir/Users/ianarchbell/Documents/Pico/pico-sdk/src/rp2_common/pico_double/double_aeabi_rp2040.S.o
                0x100026f0                __wrap___aeabi_ui2d
                0x100026f8                __wrap___aeabi_i2d
 .text.__wrap___aeabi_d2iz
                0x10002728       0x48 CMakeFiles/Blink.dir/Users/ianarchbell/Documents/Pico/pico-sdk/src/rp2_common/pico_double/double_aeabi_rp2040.S.o
                0x10002728                __wrap___aeabi_d2iz
                0x10002728                double2int_z
 .text.__wrap___aeabi_d2uiz
                0x10002770       0x10 CMakeFiles/Blink.dir/Users/ianarchbell/Documents/Pico/pico-sdk/src/rp2_common/pico_double/double_aeabi_rp2040.S.o
                0x10002770                double2uint
                0x10002770                __wrap___aeabi_d2uiz
 .text.missing_double_func_shim
                0x10002780        0xc CMakeFiles/Blink.dir/Users/ianarchbell/Documents/Pico/pico-sdk/src/rp2_common/pico_double/double_init_rom_rp2040.c.o
 .text.__aeabi_double_init
                0x1000278c       0xd0 CMakeFiles/Blink.dir/Users/ianarchbell/Documents/Pico/pico-sdk/src/rp2_common/pico_double/double_init_rom_rp2040.c.o
                0x1000278c                __aeabi_double_init
 .text.double_table_shim_on_use_helper
                0x1000285c       0x34 CMakeFiles/Blink.dir/Users/ianarchbell/Documents/Pico/pico-sdk/src/rp2_common/pico_double/double_v1_rom_shim_rp2040.S.o
                0x1000285c                double_table_shim_on_use_helper
 .text.__aeabi_lmul
                0x10002890       0x32 CMakeFiles/Blink.dir/Users/ianarchbell/Documents/Pico/pico-sdk/src/rp2_common/pico_int64_ops/pico_int64_ops_aeabi.S.o
                0x10002890                __wrap___aeabi_lmul
 *fill*         0x100028c2        0x2 
 .text.missing_float_func_shim
                0x100028c4        0xc CMakeFiles/Blink.dir/Users/ianarchbell/Documents/Pico/pico-sdk/src/rp2_common/pico_float/float_init_rom_rp2040.c.o
 .text.__aeabi_float_init
                0x100028d0       0x88 CMakeFiles/Blink.dir/Users/ianarchbell/Documents/Pico/pico-sdk/src/rp2_common/pico_float/float_init_rom_rp2040.c.o
                0x100028d0                __aeabi_float_init
 .text.check_alloc
                0x10002958       0x20 CMakeFiles/Blink.dir/Users/ianarchbell/Documents/Pico/pico-sdk/src/rp2_common/pico_malloc/malloc.c.o
 .text.__wrap_malloc
                0x10002978       0x2c CMakeFiles/Blink.dir/Users/ianarchbell/Documents/Pico/pico-sdk/src/rp2_common/pico_malloc/malloc.c.o
                0x10002978                __wrap_malloc
 .text.__wrap_calloc
                0x100029a4       0x30 CMakeFiles/Blink.dir/Users/ianarchbell/Documents/Pico/pico-sdk/src/rp2_common/pico_malloc/malloc.c.o
                0x100029a4                __wrap_calloc
 .text.__wrap_realloc
                0x100029d4       0x30 CMakeFiles/Blink.dir/Users/ianarchbell/Documents/Pico/pico-sdk/src/rp2_common/pico_malloc/malloc.c.o
                0x100029d4                __wrap_realloc
 .text.__wrap_free
                0x10002a04       0x20 CMakeFiles/Blink.dir/Users/ianarchbell/Documents/Pico/pico-sdk/src/rp2_common/pico_malloc/malloc.c.o
                0x10002a04                __wrap_free
 .text          0x10002a24       0x10 CMakeFiles/Blink.dir/Users/ianarchbell/Documents/Pico/pico-sdk/src/rp2_common/pico_mem_ops/mem_ops_aeabi.S.o
                0x10002a24                __aeabi_mem_init
 .text.memset   0x10002a34        0xc CMakeFiles/Blink.dir/Users/ianarchbell/Documents/Pico/pico-sdk/src/rp2_common/pico_mem_ops/mem_ops_aeabi.S.o
                0x10002a34                __wrap_memset
 .text.memcpy   0x10002a40        0xc CMakeFiles/Blink.dir/Users/ianarchbell/Documents/Pico/pico-sdk/src/rp2_common/pico_mem_ops/mem_ops_aeabi.S.o
                0x10002a40                __wrap___aeabi_memcpy
                0x10002a40                __wrap_memcpy
 .text._out_buffer
                0x10002a4c        0x8 CMakeFiles/Blink.dir/Users/ianarchbell/Documents/Pico/pico-sdk/src/rp2_common/pico_printf/printf.c.o
 .text._out_null
                0x10002a54        0x2 CMakeFiles/Blink.dir/Users/ianarchbell/Documents/Pico/pico-sdk/src/rp2_common/pico_printf/printf.c.o
 .text._out_fct
                0x10002a56        0xe CMakeFiles/Blink.dir/Users/ianarchbell/Documents/Pico/pico-sdk/src/rp2_common/pico_printf/printf.c.o
 .text._atoi    0x10002a64       0x24 CMakeFiles/Blink.dir/Users/ianarchbell/Documents/Pico/pico-sdk/src/rp2_common/pico_printf/printf.c.o
 .text._out_rev
                0x10002a88       0xb0 CMakeFiles/Blink.dir/Users/ianarchbell/Documents/Pico/pico-sdk/src/rp2_common/pico_printf/printf.c.o
 .text._ntoa_format
                0x10002b38      0x10e CMakeFiles/Blink.dir/Users/ianarchbell/Documents/Pico/pico-sdk/src/rp2_common/pico_printf/printf.c.o
 .text._ntoa_long
                0x10002c46       0xbc CMakeFiles/Blink.dir/Users/ianarchbell/Documents/Pico/pico-sdk/src/rp2_common/pico_printf/printf.c.o
 .text._ntoa_long_long
                0x10002d02      0x10e CMakeFiles/Blink.dir/Users/ianarchbell/Documents/Pico/pico-sdk/src/rp2_common/pico_printf/printf.c.o
 .text._etoa    0x10002e10      0x424 CMakeFiles/Blink.dir/Users/ianarchbell/Documents/Pico/pico-sdk/src/rp2_common/pico_printf/printf.c.o
 .text._ftoa    0x10003234      0x348 CMakeFiles/Blink.dir/Users/ianarchbell/Documents/Pico/pico-sdk/src/rp2_common/pico_printf/printf.c.o
 .text._vsnprintf
                0x1000357c      0x6a4 CMakeFiles/Blink.dir/Users/ianarchbell/Documents/Pico/pico-sdk/src/rp2_common/pico_printf/printf.c.o
 .text.__wrap_sprintf
                0x10003c20       0x2c CMakeFiles/Blink.dir/Users/ianarchbell/Documents/Pico/pico-sdk/src/rp2_common/pico_printf/printf.c.o
                0x10003c20                __wrap_sprintf
 .text.vfctprintf
                0x10003c4c       0x24 CMakeFiles/Blink.dir/Users/ianarchbell/Documents/Pico/pico-sdk/src/rp2_common/pico_printf/printf.c.o
                0x10003c4c                vfctprintf
 .text._exit    0x10003c70        0x4 CMakeFiles/Blink.dir/Users/ianarchbell/Documents/Pico/pico-sdk/src/rp2_common/pico_clib_interface/newlib_interface.c.o
                0x10003c70                _exit
 .text._sbrk    0x10003c74       0x38 CMakeFiles/Blink.dir/Users/ianarchbell/Documents/Pico/pico-sdk/src/rp2_common/pico_clib_interface/newlib_interface.c.o
                0x10003c74                _sbrk
 .text._getpid  0x10003cac        0x4 CMakeFiles/Blink.dir/Users/ianarchbell/Documents/Pico/pico-sdk/src/rp2_common/pico_clib_interface/newlib_interface.c.o
                0x10003cac                _getpid
 .text._kill    0x10003cb0        0x6 CMakeFiles/Blink.dir/Users/ianarchbell/Documents/Pico/pico-sdk/src/rp2_common/pico_clib_interface/newlib_interface.c.o
                0x10003cb0                _kill
 *fill*         0x10003cb6        0x2 
 .text._read    0x10003cb8       0x24 CMakeFiles/Blink.dir/Users/ianarchbell/Documents/Pico/pico-sdk/src/rp2_common/pico_clib_interface/newlib_interface.c.o
                0x10003cb8                _read
 .text._write   0x10003cdc       0x22 CMakeFiles/Blink.dir/Users/ianarchbell/Documents/Pico/pico-sdk/src/rp2_common/pico_clib_interface/newlib_interface.c.o
                0x10003cdc                _write
 .text._close   0x10003cfe        0x6 CMakeFiles/Blink.dir/Users/ianarchbell/Documents/Pico/pico-sdk/src/rp2_common/pico_clib_interface/newlib_interface.c.o
                0x10003cfe                _close
 .text._lseek   0x10003d04        0x6 CMakeFiles/Blink.dir/Users/ianarchbell/Documents/Pico/pico-sdk/src/rp2_common/pico_clib_interface/newlib_interface.c.o
                0x10003d04                _lseek
 .text._fstat   0x10003d0a        0x6 CMakeFiles/Blink.dir/Users/ianarchbell/Documents/Pico/pico-sdk/src/rp2_common/pico_clib_interface/newlib_interface.c.o
                0x10003d0a                _fstat
 .text._isatty  0x10003d10        0xc CMakeFiles/Blink.dir/Users/ianarchbell/Documents/Pico/pico-sdk/src/rp2_common/pico_clib_interface/newlib_interface.c.o
                0x10003d10                _isatty
 .text.exit     0x10003d1c        0x6 CMakeFiles/Blink.dir/Users/ianarchbell/Documents/Pico/pico-sdk/src/rp2_common/pico_clib_interface/newlib_interface.c.o
                0x10003d1c                exit
 *fill*         0x10003d22        0x2 
 .text.__assert_func
                0x10003d24       0x38 CMakeFiles/Blink.dir/Users/ianarchbell/Documents/Pico/pico-sdk/src/rp2_common/pico_clib_interface/newlib_interface.c.o
                0x10003d24                __assert_func
 .text.runtime_init
                0x10003d5c       0x28 CMakeFiles/Blink.dir/Users/ianarchbell/Documents/Pico/pico-sdk/src/rp2_common/pico_clib_interface/newlib_interface.c.o
                0x10003d5c                runtime_init
 .text.stdio_out_chars_no_crlf
                0x10003d84        0xe CMakeFiles/Blink.dir/Users/ianarchbell/Documents/Pico/pico-sdk/src/rp2_common/pico_stdio/stdio.c.o
 *fill*         0x10003d92        0x2 
 .text.stdio_out_chars_crlf
                0x10003d94       0x80 CMakeFiles/Blink.dir/Users/ianarchbell/Documents/Pico/pico-sdk/src/rp2_common/pico_stdio/stdio.c.o
 .text.stdio_stack_buffer_flush
                0x10003e14       0x44 CMakeFiles/Blink.dir/Users/ianarchbell/Documents/Pico/pico-sdk/src/rp2_common/pico_stdio/stdio.c.o
 .text.stdio_buffered_printer
                0x10003e58       0x20 CMakeFiles/Blink.dir/Users/ianarchbell/Documents/Pico/pico-sdk/src/rp2_common/pico_stdio/stdio.c.o
 .text.stdout_serialize_begin
                0x10003e78       0x30 CMakeFiles/Blink.dir/Users/ianarchbell/Documents/Pico/pico-sdk/src/rp2_common/pico_stdio/stdio.c.o
                0x10003e78                stdout_serialize_begin
 .text.stdout_serialize_end
                0x10003ea8       0x10 CMakeFiles/Blink.dir/Users/ianarchbell/Documents/Pico/pico-sdk/src/rp2_common/pico_stdio/stdio.c.o
                0x10003ea8                stdout_serialize_end
 .text.stdio_put_string
                0x10003eb8       0x94 CMakeFiles/Blink.dir/Users/ianarchbell/Documents/Pico/pico-sdk/src/rp2_common/pico_stdio/stdio.c.o
                0x10003eb8                stdio_put_string
 .text.stdio_get_until
                0x10003f4c       0x74 CMakeFiles/Blink.dir/Users/ianarchbell/Documents/Pico/pico-sdk/src/rp2_common/pico_stdio/stdio.c.o
                0x10003f4c                stdio_get_until
 .text.stdio_set_driver_enabled
                0x10003fc0       0x30 CMakeFiles/Blink.dir/Users/ianarchbell/Documents/Pico/pico-sdk/src/rp2_common/pico_stdio/stdio.c.o
                0x10003fc0                stdio_set_driver_enabled
 .text.stdio_flush
                0x10003ff0       0x20 CMakeFiles/Blink.dir/Users/ianarchbell/Documents/Pico/pico-sdk/src/rp2_common/pico_stdio/stdio.c.o
                0x10003ff0                stdio_flush
 .text.stdio_init_all
                0x10004010        0xa CMakeFiles/Blink.dir/Users/ianarchbell/Documents/Pico/pico-sdk/src/rp2_common/pico_stdio/stdio.c.o
                0x10004010                stdio_init_all
 .text.__wrap_puts
                0x1000401a       0x1e CMakeFiles/Blink.dir/Users/ianarchbell/Documents/Pico/pico-sdk/src/rp2_common/pico_stdio/stdio.c.o
                0x1000401a                __wrap_puts
                0x1000401a                stdio_puts
 .text.__wrap_vprintf
                0x10004038       0x40 CMakeFiles/Blink.dir/Users/ianarchbell/Documents/Pico/pico-sdk/src/rp2_common/pico_stdio/stdio.c.o
                0x10004038                __wrap_vprintf
                0x10004038                stdio_vprintf
 .text.__wrap_printf
                0x10004078       0x18 CMakeFiles/Blink.dir/Users/ianarchbell/Documents/Pico/pico-sdk/src/rp2_common/pico_stdio/stdio.c.o
                0x10004078                stdio_printf
                0x10004078                __wrap_printf
 .text.uart_putc
                0x10004090       0x60 CMakeFiles/Blink.dir/Users/ianarchbell/Documents/Pico/pico-sdk/src/rp2_common/pico_stdio_uart/stdio_uart.c.o
 .text.uart_getc
                0x100040f0       0x24 CMakeFiles/Blink.dir/Users/ianarchbell/Documents/Pico/pico-sdk/src/rp2_common/pico_stdio_uart/stdio_uart.c.o
 .text.stdio_uart_out_chars
                0x10004114       0x20 CMakeFiles/Blink.dir/Users/ianarchbell/Documents/Pico/pico-sdk/src/rp2_common/pico_stdio_uart/stdio_uart.c.o
 .text.stdio_uart_in_chars
                0x10004134       0x5c CMakeFiles/Blink.dir/Users/ianarchbell/Documents/Pico/pico-sdk/src/rp2_common/pico_stdio_uart/stdio_uart.c.o
                0x10004134                stdio_uart_in_chars
 .text.on_uart_rx
                0x10004190       0x28 CMakeFiles/Blink.dir/Users/ianarchbell/Documents/Pico/pico-sdk/src/rp2_common/pico_stdio_uart/stdio_uart.c.o
 .text.stdio_uart_out_flush
                0x100041b8       0x10 CMakeFiles/Blink.dir/Users/ianarchbell/Documents/Pico/pico-sdk/src/rp2_common/pico_stdio_uart/stdio_uart.c.o
 .text.stdio_uart_set_chars_available_callback
                0x100041c8       0x90 CMakeFiles/Blink.dir/Users/ianarchbell/Documents/Pico/pico-sdk/src/rp2_common/pico_stdio_uart/stdio_uart.c.o
 .text.stdio_uart_init_full
                0x10004258       0x44 CMakeFiles/Blink.dir/Users/ianarchbell/Documents/Pico/pico-sdk/src/rp2_common/pico_stdio_uart/stdio_uart.c.o
                0x10004258                stdio_uart_init_full
 .text.stdio_uart_init
                0x1000429c       0x30 CMakeFiles/Blink.dir/Users/ianarchbell/Documents/Pico/pico-sdk/src/rp2_common/pico_stdio_uart/stdio_uart.c.o
                0x1000429c                stdio_uart_init
 .text.cyw43_arch_set_async_context
                0x100042cc        0xc CMakeFiles/Blink.dir/Users/ianarchbell/Documents/Pico/pico-sdk/src/rp2_common/pico_cyw43_arch/cyw43_arch.c.o
                0x100042cc                cyw43_arch_set_async_context
 .text.cyw43_arch_gpio_put
                0x100042d8       0x14 CMakeFiles/Blink.dir/Users/ianarchbell/Documents/Pico/pico-sdk/src/rp2_common/pico_cyw43_arch/cyw43_arch.c.o
                0x100042d8                cyw43_arch_gpio_put
 .text.cyw43_arch_async_context
                0x100042ec        0xc CMakeFiles/Blink.dir/Users/ianarchbell/Documents/Pico/pico-sdk/src/rp2_common/pico_cyw43_arch/cyw43_arch.c.o
                0x100042ec                cyw43_arch_async_context
 .text.cyw43_arch_init_default_async_context
                0x100042f8       0x20 CMakeFiles/Blink.dir/Users/ianarchbell/Documents/Pico/pico-sdk/src/rp2_common/pico_cyw43_arch/cyw43_arch_threadsafe_background.c.o
                0x100042f8                cyw43_arch_init_default_async_context
 .text.cyw43_arch_deinit
                0x10004318       0x28 CMakeFiles/Blink.dir/Users/ianarchbell/Documents/Pico/pico-sdk/src/rp2_common/pico_cyw43_arch/cyw43_arch_threadsafe_background.c.o
                0x10004318                cyw43_arch_deinit
 .text.cyw43_arch_init
                0x10004340       0x36 CMakeFiles/Blink.dir/Users/ianarchbell/Documents/Pico/pico-sdk/src/rp2_common/pico_cyw43_arch/cyw43_arch_threadsafe_background.c.o
                0x10004340                cyw43_arch_init
 *fill*         0x10004376        0x2 
 .text._retrieve_unique_id_on_boot
                0x10004378       0x10 CMakeFiles/Blink.dir/Users/ianarchbell/Documents/Pico/pico-sdk/src/rp2_common/pico_unique_id/unique_id.c.o
 .text.pico_get_unique_board_id
                0x10004388       0x10 CMakeFiles/Blink.dir/Users/ianarchbell/Documents/Pico/pico-sdk/src/rp2_common/pico_unique_id/unique_id.c.o
                0x10004388                pico_get_unique_board_id
 .text.flash_get_unique_id
                0x10004398       0x40 CMakeFiles/Blink.dir/Users/ianarchbell/Documents/Pico/pico-sdk/src/rp2_common/hardware_flash/flash.c.o
                0x10004398                flash_get_unique_id
 .text.pio_get_default_sm_config
                0x100043d8       0x28 CMakeFiles/Blink.dir/Users/ianarchbell/Documents/Pico/pico-sdk/src/rp2_common/pico_cyw43_driver/cyw43_bus_pio_spi.c.o
 .text.spi_gap01_sample0_program_get_default_config
                0x10004400       0x3c CMakeFiles/Blink.dir/Users/ianarchbell/Documents/Pico/pico-sdk/src/rp2_common/pico_cyw43_driver/cyw43_bus_pio_spi.c.o
 .text.cs_set   0x1000443c       0x1c CMakeFiles/Blink.dir/Users/ianarchbell/Documents/Pico/pico-sdk/src/rp2_common/pico_cyw43_driver/cyw43_bus_pio_spi.c.o
 .text.channel_config_set_chain_to
                0x10004458       0x30 CMakeFiles/Blink.dir/Users/ianarchbell/Documents/Pico/pico-sdk/src/rp2_common/pico_cyw43_driver/cyw43_bus_pio_spi.c.o
 .text.dma_channel_get_default_config
                0x10004488       0x74 CMakeFiles/Blink.dir/Users/ianarchbell/Documents/Pico/pico-sdk/src/rp2_common/pico_cyw43_driver/cyw43_bus_pio_spi.c.o
 .text.channel_config_set_dreq
                0x100044fc       0x30 CMakeFiles/Blink.dir/Users/ianarchbell/Documents/Pico/pico-sdk/src/rp2_common/pico_cyw43_driver/cyw43_bus_pio_spi.c.o
 .text.start_spi_comms
                0x1000452c       0x48 CMakeFiles/Blink.dir/Users/ianarchbell/Documents/Pico/pico-sdk/src/rp2_common/pico_cyw43_driver/cyw43_bus_pio_spi.c.o
 .text.ns_delay
                0x10004574       0x20 CMakeFiles/Blink.dir/Users/ianarchbell/Documents/Pico/pico-sdk/src/rp2_common/pico_cyw43_driver/cyw43_bus_pio_spi.c.o
 .text.stop_spi_comms
                0x10004594       0x10 CMakeFiles/Blink.dir/Users/ianarchbell/Documents/Pico/pico-sdk/src/rp2_common/pico_cyw43_driver/cyw43_bus_pio_spi.c.o
 .text.cyw43_spi_deinit
                0x100045a4       0x64 CMakeFiles/Blink.dir/Users/ianarchbell/Documents/Pico/pico-sdk/src/rp2_common/pico_cyw43_driver/cyw43_bus_pio_spi.c.o
                0x100045a4                cyw43_spi_deinit
 .text.cyw43_spi_init
                0x10004608      0x214 CMakeFiles/Blink.dir/Users/ianarchbell/Documents/Pico/pico-sdk/src/rp2_common/pico_cyw43_driver/cyw43_bus_pio_spi.c.o
                0x10004608                cyw43_spi_init
 .text.cyw43_spi_transfer
                0x1000481c      0x51c CMakeFiles/Blink.dir/Users/ianarchbell/Documents/Pico/pico-sdk/src/rp2_common/pico_cyw43_driver/cyw43_bus_pio_spi.c.o
                0x1000481c                cyw43_spi_transfer
 .text._cyw43_read_reg
                0x10004d38       0x50 CMakeFiles/Blink.dir/Users/ianarchbell/Documents/Pico/pico-sdk/src/rp2_common/pico_cyw43_driver/cyw43_bus_pio_spi.c.o
 .text._cyw43_write_reg
                0x10004d88       0x58 CMakeFiles/Blink.dir/Users/ianarchbell/Documents/Pico/pico-sdk/src/rp2_common/pico_cyw43_driver/cyw43_bus_pio_spi.c.o
 .text.cyw43_spi_gpio_setup
                0x10004de0       0x3a CMakeFiles/Blink.dir/Users/ianarchbell/Documents/Pico/pico-sdk/src/rp2_common/pico_cyw43_driver/cyw43_bus_pio_spi.c.o
                0x10004de0                cyw43_spi_gpio_setup
 .text.cyw43_spi_reset
                0x10004e1a       0x28 CMakeFiles/Blink.dir/Users/ianarchbell/Documents/Pico/pico-sdk/src/rp2_common/pico_cyw43_driver/cyw43_bus_pio_spi.c.o
                0x10004e1a                cyw43_spi_reset
 *fill*         0x10004e42        0x2 
 .text.read_reg_u32_swap
                0x10004e44       0x68 CMakeFiles/Blink.dir/Users/ianarchbell/Documents/Pico/pico-sdk/src/rp2_common/pico_cyw43_driver/cyw43_bus_pio_spi.c.o
                0x10004e44                read_reg_u32_swap
 .text.cyw43_read_reg_u32
                0x10004eac        0xa CMakeFiles/Blink.dir/Users/ianarchbell/Documents/Pico/pico-sdk/src/rp2_common/pico_cyw43_driver/cyw43_bus_pio_spi.c.o
                0x10004eac                cyw43_read_reg_u32
 .text.cyw43_read_reg_u16
                0x10004eb6        0xa CMakeFiles/Blink.dir/Users/ianarchbell/Documents/Pico/pico-sdk/src/rp2_common/pico_cyw43_driver/cyw43_bus_pio_spi.c.o
                0x10004eb6                cyw43_read_reg_u16
 .text.cyw43_read_reg_u8
                0x10004ec0        0xa CMakeFiles/Blink.dir/Users/ianarchbell/Documents/Pico/pico-sdk/src/rp2_common/pico_cyw43_driver/cyw43_bus_pio_spi.c.o
                0x10004ec0                cyw43_read_reg_u8
 *fill*         0x10004eca        0x2 
 .text.write_reg_u32_swap
                0x10004ecc       0x34 CMakeFiles/Blink.dir/Users/ianarchbell/Documents/Pico/pico-sdk/src/rp2_common/pico_cyw43_driver/cyw43_bus_pio_spi.c.o
                0x10004ecc                write_reg_u32_swap
 .text.cyw43_write_reg_u32
                0x10004f00       0x10 CMakeFiles/Blink.dir/Users/ianarchbell/Documents/Pico/pico-sdk/src/rp2_common/pico_cyw43_driver/cyw43_bus_pio_spi.c.o
                0x10004f00                cyw43_write_reg_u32
 .text.cyw43_write_reg_u16
                0x10004f10       0x10 CMakeFiles/Blink.dir/Users/ianarchbell/Documents/Pico/pico-sdk/src/rp2_common/pico_cyw43_driver/cyw43_bus_pio_spi.c.o
                0x10004f10                cyw43_write_reg_u16
 .text.cyw43_write_reg_u8
                0x10004f20       0x10 CMakeFiles/Blink.dir/Users/ianarchbell/Documents/Pico/pico-sdk/src/rp2_common/pico_cyw43_driver/cyw43_bus_pio_spi.c.o
                0x10004f20                cyw43_write_reg_u8
 .text.cyw43_read_bytes
                0x10004f30       0xfc CMakeFiles/Blink.dir/Users/ianarchbell/Documents/Pico/pico-sdk/src/rp2_common/pico_cyw43_driver/cyw43_bus_pio_spi.c.o
                0x10004f30                cyw43_read_bytes
 .text.cyw43_write_bytes
                0x1000502c      0x124 CMakeFiles/Blink.dir/Users/ianarchbell/Documents/Pico/pico-sdk/src/rp2_common/pico_cyw43_driver/cyw43_bus_pio_spi.c.o
                0x1000502c                cyw43_write_bytes
 .text.get_core_address
                0x10005150       0x1c CMakeFiles/Blink.dir/Users/ianarchbell/Documents/Pico/pico-sdk/lib/cyw43-driver/src/cyw43_ll.c.o
 .text.sdpcm_process_rx_packet
                0x1000516c      0x184 CMakeFiles/Blink.dir/Users/ianarchbell/Documents/Pico/pico-sdk/lib/cyw43-driver/src/cyw43_ll.c.o
 .text.cyw43_ll_wifi_parse_scan_result
                0x100052f0       0x9c CMakeFiles/Blink.dir/Users/ianarchbell/Documents/Pico/pico-sdk/lib/cyw43-driver/src/cyw43_ll.c.o
 .text.cyw43_ll_parse_async_event
                0x1000538c       0x8a CMakeFiles/Blink.dir/Users/ianarchbell/Documents/Pico/pico-sdk/lib/cyw43-driver/src/cyw43_ll.c.o
 *fill*         0x10005416        0x2 
 .text.cyw43_kso_set
                0x10005418       0x98 CMakeFiles/Blink.dir/Users/ianarchbell/Documents/Pico/pico-sdk/lib/cyw43-driver/src/cyw43_ll.c.o
 .text.cyw43_ll_bus_sleep_helper
                0x100054b0        0xe CMakeFiles/Blink.dir/Users/ianarchbell/Documents/Pico/pico-sdk/lib/cyw43-driver/src/cyw43_ll.c.o
 *fill*         0x100054be        0x2 
 .text.cyw43_read_reg
                0x100054c0       0x48 CMakeFiles/Blink.dir/Users/ianarchbell/Documents/Pico/pico-sdk/lib/cyw43-driver/src/cyw43_ll.c.o
 .text.cyw43_write_reg
                0x10005508       0x4c CMakeFiles/Blink.dir/Users/ianarchbell/Documents/Pico/pico-sdk/lib/cyw43-driver/src/cyw43_ll.c.o
 .text.cyw43_set_backplane_window
                0x10005554       0x78 CMakeFiles/Blink.dir/Users/ianarchbell/Documents/Pico/pico-sdk/lib/cyw43-driver/src/cyw43_ll.c.o
 .text.cyw43_read_backplane
                0x100055cc       0x30 CMakeFiles/Blink.dir/Users/ianarchbell/Documents/Pico/pico-sdk/lib/cyw43-driver/src/cyw43_ll.c.o
 .text.disable_device_core
                0x100055fc       0x3c CMakeFiles/Blink.dir/Users/ianarchbell/Documents/Pico/pico-sdk/lib/cyw43-driver/src/cyw43_ll.c.o
 .text.device_core_is_up
                0x10005638       0x4c CMakeFiles/Blink.dir/Users/ianarchbell/Documents/Pico/pico-sdk/lib/cyw43-driver/src/cyw43_ll.c.o
 .text.cyw43_download_resource
                0x10005684       0xac CMakeFiles/Blink.dir/Users/ianarchbell/Documents/Pico/pico-sdk/lib/cyw43-driver/src/cyw43_ll.c.o
 .text.cyw43_write_backplane
                0x10005730       0x34 CMakeFiles/Blink.dir/Users/ianarchbell/Documents/Pico/pico-sdk/lib/cyw43-driver/src/cyw43_ll.c.o
 .text.reset_device_core
                0x10005764       0x74 CMakeFiles/Blink.dir/Users/ianarchbell/Documents/Pico/pico-sdk/lib/cyw43-driver/src/cyw43_ll.c.o
 .text.cyw43_check_valid_chipset_firmware
                0x100057d8       0x7c CMakeFiles/Blink.dir/Users/ianarchbell/Documents/Pico/pico-sdk/lib/cyw43-driver/src/cyw43_ll.c.o
 .text.cyw43_ll_init
                0x10005854       0x20 CMakeFiles/Blink.dir/Users/ianarchbell/Documents/Pico/pico-sdk/lib/cyw43-driver/src/cyw43_ll.c.o
                0x10005854                cyw43_ll_init
 .text.cyw43_ll_deinit
                0x10005874        0x8 CMakeFiles/Blink.dir/Users/ianarchbell/Documents/Pico/pico-sdk/lib/cyw43-driver/src/cyw43_ll.c.o
                0x10005874                cyw43_ll_deinit
 .text.cyw43_ll_bus_sleep
                0x1000587c       0x34 CMakeFiles/Blink.dir/Users/ianarchbell/Documents/Pico/pico-sdk/lib/cyw43-driver/src/cyw43_ll.c.o
                0x1000587c                cyw43_ll_bus_sleep
 .text.cyw43_ll_sdpcm_poll_device
                0x100058b0      0x158 CMakeFiles/Blink.dir/Users/ianarchbell/Documents/Pico/pico-sdk/lib/cyw43-driver/src/cyw43_ll.c.o
 .text.cyw43_ll_process_packets
                0x10005a08       0x5c CMakeFiles/Blink.dir/Users/ianarchbell/Documents/Pico/pico-sdk/lib/cyw43-driver/src/cyw43_ll.c.o
                0x10005a08                cyw43_ll_process_packets
 .text.cyw43_sdpcm_send_common
                0x10005a64      0x114 CMakeFiles/Blink.dir/Users/ianarchbell/Documents/Pico/pico-sdk/lib/cyw43-driver/src/cyw43_ll.c.o
 .text.cyw43_send_ioctl
                0x10005b78       0x56 CMakeFiles/Blink.dir/Users/ianarchbell/Documents/Pico/pico-sdk/lib/cyw43-driver/src/cyw43_ll.c.o
 *fill*         0x10005bce        0x2 
 .text.cyw43_do_ioctl
                0x10005bd0       0xc4 CMakeFiles/Blink.dir/Users/ianarchbell/Documents/Pico/pico-sdk/lib/cyw43-driver/src/cyw43_ll.c.o
 .text.cyw43_ll_ioctl
                0x10005c94       0x1e CMakeFiles/Blink.dir/Users/ianarchbell/Documents/Pico/pico-sdk/lib/cyw43-driver/src/cyw43_ll.c.o
                0x10005c94                cyw43_ll_ioctl
 *fill*         0x10005cb2        0x2 
 .text.cyw43_clm_load
                0x10005cb4       0xdc CMakeFiles/Blink.dir/Users/ianarchbell/Documents/Pico/pico-sdk/lib/cyw43-driver/src/cyw43_ll.c.o
 .text.cyw43_write_iovar_u32
                0x10005d90       0x60 CMakeFiles/Blink.dir/Users/ianarchbell/Documents/Pico/pico-sdk/lib/cyw43-driver/src/cyw43_ll.c.o
 .text.cyw43_write_iovar_n
                0x10005df0       0x50 CMakeFiles/Blink.dir/Users/ianarchbell/Documents/Pico/pico-sdk/lib/cyw43-driver/src/cyw43_ll.c.o
 .text.cyw43_set_ioctl_u32
                0x10005e40       0x30 CMakeFiles/Blink.dir/Users/ianarchbell/Documents/Pico/pico-sdk/lib/cyw43-driver/src/cyw43_ll.c.o
 .text.cyw43_write_iovar_u32_u32
                0x10005e70       0x74 CMakeFiles/Blink.dir/Users/ianarchbell/Documents/Pico/pico-sdk/lib/cyw43-driver/src/cyw43_ll.c.o
 .text.cyw43_ll_wifi_get_mac
                0x10005ee4       0x44 CMakeFiles/Blink.dir/Users/ianarchbell/Documents/Pico/pico-sdk/lib/cyw43-driver/src/cyw43_ll.c.o
                0x10005ee4                cyw43_ll_wifi_get_mac
 .text.cyw43_ll_bus_init
                0x10005f28      0x370 CMakeFiles/Blink.dir/Users/ianarchbell/Documents/Pico/pico-sdk/lib/cyw43-driver/src/cyw43_ll.c.o
                0x10005f28                cyw43_ll_bus_init
 .text.cyw43_ll_wifi_set_wpa_auth
                0x10006298        0xe CMakeFiles/Blink.dir/Users/ianarchbell/Documents/Pico/pico-sdk/lib/cyw43-driver/src/cyw43_ll.c.o
                0x10006298                cyw43_ll_wifi_set_wpa_auth
 *fill*         0x100062a6        0x2 
 .text.cyw43_ll_wifi_rejoin
                0x100062a8       0x20 CMakeFiles/Blink.dir/Users/ianarchbell/Documents/Pico/pico-sdk/lib/cyw43-driver/src/cyw43_ll.c.o
                0x100062a8                cyw43_ll_wifi_rejoin
 .text.cyw43_ll_gpio_set
                0x100062c8       0x30 CMakeFiles/Blink.dir/Users/ianarchbell/Documents/Pico/pico-sdk/lib/cyw43-driver/src/cyw43_ll.c.o
                0x100062c8                cyw43_ll_gpio_set
 .text.cyw43_ll_has_work
                0x100062f8       0x12 CMakeFiles/Blink.dir/Users/ianarchbell/Documents/Pico/pico-sdk/lib/cyw43-driver/src/cyw43_ll.c.o
                0x100062f8                cyw43_ll_has_work
 *fill*         0x1000630a        0x2 
 .text.cyw43_poll_func
                0x1000630c       0xac CMakeFiles/Blink.dir/Users/ianarchbell/Documents/Pico/pico-sdk/lib/cyw43-driver/src/cyw43_ctrl.c.o
 .text.cyw43_hal_ticks_ms
                0x100063b8       0x20 CMakeFiles/Blink.dir/Users/ianarchbell/Documents/Pico/pico-sdk/lib/cyw43-driver/src/cyw43_ctrl.c.o
 .text.cyw43_dump_async_event
                0x100063d8       0x58 CMakeFiles/Blink.dir/Users/ianarchbell/Documents/Pico/pico-sdk/lib/cyw43-driver/src/cyw43_ctrl.c.o
 .text.cyw43_ensure_up
                0x10006430       0xec CMakeFiles/Blink.dir/Users/ianarchbell/Documents/Pico/pico-sdk/lib/cyw43-driver/src/cyw43_ctrl.c.o
 .text.cyw43_init
                0x1000651c       0x8c CMakeFiles/Blink.dir/Users/ianarchbell/Documents/Pico/pico-sdk/lib/cyw43-driver/src/cyw43_ctrl.c.o
                0x1000651c                cyw43_init
 .text.cyw43_deinit
                0x100065a8       0x3c CMakeFiles/Blink.dir/Users/ianarchbell/Documents/Pico/pico-sdk/lib/cyw43-driver/src/cyw43_ctrl.c.o
                0x100065a8                cyw43_deinit
 .text.cyw43_cb_read_host_interrupt_pin
                0x100065e4        0xc CMakeFiles/Blink.dir/Users/ianarchbell/Documents/Pico/pico-sdk/lib/cyw43-driver/src/cyw43_ctrl.c.o
                0x100065e4                cyw43_cb_read_host_interrupt_pin
 .text.cyw43_cb_ensure_awake
                0x100065f0        0xc CMakeFiles/Blink.dir/Users/ianarchbell/Documents/Pico/pico-sdk/lib/cyw43-driver/src/cyw43_ctrl.c.o
                0x100065f0                cyw43_cb_ensure_awake
 .text.cyw43_cb_process_async_event
                0x100065fc      0x1ac CMakeFiles/Blink.dir/Users/ianarchbell/Documents/Pico/pico-sdk/lib/cyw43-driver/src/cyw43_ctrl.c.o
                0x100065fc                cyw43_cb_process_async_event
 .text.cyw43_gpio_set
                0x100067a8       0x30 CMakeFiles/Blink.dir/Users/ianarchbell/Documents/Pico/pico-sdk/lib/cyw43-driver/src/cyw43_ctrl.c.o
                0x100067a8                cyw43_gpio_set
 .text.is_gpio_compatible
                0x100067d8        0x4 CMakeFiles/Blink.dir/Users/ianarchbell/Documents/Pico/pico-sdk/src/rp2_common/hardware_pio/pio.c.o
 .text.is_program_gpio_compatible
                0x100067dc        0x4 CMakeFiles/Blink.dir/Users/ianarchbell/Documents/Pico/pico-sdk/src/rp2_common/hardware_pio/pio.c.o
 .text.add_program_at_offset_check
                0x100067e0       0x64 CMakeFiles/Blink.dir/Users/ianarchbell/Documents/Pico/pico-sdk/src/rp2_common/hardware_pio/pio.c.o
 .text.add_program_at_offset
                0x10006844       0x60 CMakeFiles/Blink.dir/Users/ianarchbell/Documents/Pico/pico-sdk/src/rp2_common/hardware_pio/pio.c.o
 .text.find_offset_for_program
                0x100068a4       0x7c CMakeFiles/Blink.dir/Users/ianarchbell/Documents/Pico/pico-sdk/src/rp2_common/hardware_pio/pio.c.o
 .text.pio_sm_unclaim
                0x10006920       0x20 CMakeFiles/Blink.dir/Users/ianarchbell/Documents/Pico/pico-sdk/src/rp2_common/hardware_pio/pio.c.o
                0x10006920                pio_sm_unclaim
 .text.pio_claim_unused_sm
                0x10006940       0x38 CMakeFiles/Blink.dir/Users/ianarchbell/Documents/Pico/pico-sdk/src/rp2_common/hardware_pio/pio.c.o
                0x10006940                pio_claim_unused_sm
 .text.pio_remove_program
                0x10006978       0x54 CMakeFiles/Blink.dir/Users/ianarchbell/Documents/Pico/pico-sdk/src/rp2_common/hardware_pio/pio.c.o
                0x10006978                pio_remove_program
 .text.pio_sm_set_pindirs_with_mask
                0x100069cc       0xa0 CMakeFiles/Blink.dir/Users/ianarchbell/Documents/Pico/pico-sdk/src/rp2_common/hardware_pio/pio.c.o
                0x100069cc                pio_sm_set_pindirs_with_mask
 .text.pio_sm_set_pindirs_with_mask64
                0x10006a6c        0xa CMakeFiles/Blink.dir/Users/ianarchbell/Documents/Pico/pico-sdk/src/rp2_common/hardware_pio/pio.c.o
                0x10006a6c                pio_sm_set_pindirs_with_mask64
 *fill*         0x10006a76        0x2 
 .text.pio_sm_set_consecutive_pindirs
                0x10006a78       0xb4 CMakeFiles/Blink.dir/Users/ianarchbell/Documents/Pico/pico-sdk/src/rp2_common/hardware_pio/pio.c.o
                0x10006a78                pio_sm_set_consecutive_pindirs
 .text.pio_claim_free_sm_and_add_program_for_gpio_range
                0x10006b2c       0xf8 CMakeFiles/Blink.dir/Users/ianarchbell/Documents/Pico/pico-sdk/src/rp2_common/hardware_pio/pio.c.o
                0x10006b2c                pio_claim_free_sm_and_add_program_for_gpio_range
 .text.pio_remove_program_and_unclaim_sm
                0x10006c24       0x1a CMakeFiles/Blink.dir/Users/ianarchbell/Documents/Pico/pico-sdk/src/rp2_common/hardware_pio/pio.c.o
                0x10006c24                pio_remove_program_and_unclaim_sm
 *fill*         0x10006c3e        0x2 
 .text.dma_channel_unclaim
                0x10006c40       0x14 CMakeFiles/Blink.dir/Users/ianarchbell/Documents/Pico/pico-sdk/src/rp2_common/hardware_dma/dma.c.o
                0x10006c40                dma_channel_unclaim
 .text.dma_claim_unused_channel
                0x10006c54       0x24 CMakeFiles/Blink.dir/Users/ianarchbell/Documents/Pico/pico-sdk/src/rp2_common/hardware_dma/dma.c.o
                0x10006c54                dma_claim_unused_channel
 .text.dma_channel_cleanup
                0x10006c78       0x6c CMakeFiles/Blink.dir/Users/ianarchbell/Documents/Pico/pico-sdk/src/rp2_common/hardware_dma/dma.c.o
                0x10006c78                dma_channel_cleanup
 .text.exception_is_compile_time_default
                0x10006ce4       0x20 CMakeFiles/Blink.dir/Users/ianarchbell/Documents/Pico/pico-sdk/src/rp2_common/hardware_exception/exception.c.o
 .text.set_raw_exception_handler_and_restore_interrupts
                0x10006d04       0x18 CMakeFiles/Blink.dir/Users/ianarchbell/Documents/Pico/pico-sdk/src/rp2_common/hardware_exception/exception.c.o
 .text.exception_get_vtable_handler
                0x10006d1c       0x10 CMakeFiles/Blink.dir/Users/ianarchbell/Documents/Pico/pico-sdk/src/rp2_common/hardware_exception/exception.c.o
                0x10006d1c                exception_get_vtable_handler
 .text.exception_set_exclusive_handler
                0x10006d2c       0x44 CMakeFiles/Blink.dir/Users/ianarchbell/Documents/Pico/pico-sdk/src/rp2_common/hardware_exception/exception.c.o
                0x10006d2c                exception_set_exclusive_handler
 .text.cyw43_sleep_timeout_reached
                0x10006d70       0x50 CMakeFiles/Blink.dir/Users/ianarchbell/Documents/Pico/pico-sdk/src/rp2_common/pico_cyw43_driver/cyw43_driver.c.o
 .text.async_context_add_at_time_worker_in_ms
                0x10006dc0       0x4c CMakeFiles/Blink.dir/Users/ianarchbell/Documents/Pico/pico-sdk/src/rp2_common/pico_cyw43_driver/cyw43_driver.c.o
 .text.cyw43_do_poll
                0x10006e0c       0x74 CMakeFiles/Blink.dir/Users/ianarchbell/Documents/Pico/pico-sdk/src/rp2_common/pico_cyw43_driver/cyw43_driver.c.o
 .text.cyw43_set_irq_enabled
                0x10006e80        0xe CMakeFiles/Blink.dir/Users/ianarchbell/Documents/Pico/pico-sdk/src/rp2_common/pico_cyw43_driver/cyw43_driver.c.o
 *fill*         0x10006e8e        0x2 
 .text.cyw43_irq_init
                0x10006e90       0x50 CMakeFiles/Blink.dir/Users/ianarchbell/Documents/Pico/pico-sdk/src/rp2_common/pico_cyw43_driver/cyw43_driver.c.o
                0x10006e90                cyw43_irq_init
 .text.cyw43_gpio_irq_handler
                0x10006ee0       0x40 CMakeFiles/Blink.dir/Users/ianarchbell/Documents/Pico/pico-sdk/src/rp2_common/pico_cyw43_driver/cyw43_driver.c.o
 .text.cyw43_irq_deinit
                0x10006f20       0x48 CMakeFiles/Blink.dir/Users/ianarchbell/Documents/Pico/pico-sdk/src/rp2_common/pico_cyw43_driver/cyw43_driver.c.o
                0x10006f20                cyw43_irq_deinit
 .text.no_lwip_fail
                0x10006f68        0xc CMakeFiles/Blink.dir/Users/ianarchbell/Documents/Pico/pico-sdk/src/rp2_common/pico_cyw43_driver/cyw43_driver.c.o
 .text.cyw43_post_poll_hook
                0x10006f74       0x38 CMakeFiles/Blink.dir/Users/ianarchbell/Documents/Pico/pico-sdk/src/rp2_common/pico_cyw43_driver/cyw43_driver.c.o
                0x10006f74                cyw43_post_poll_hook
 .text.cyw43_schedule_internal_poll_dispatch
                0x10006fac       0x3c CMakeFiles/Blink.dir/Users/ianarchbell/Documents/Pico/pico-sdk/src/rp2_common/pico_cyw43_driver/cyw43_driver.c.o
                0x10006fac                cyw43_schedule_internal_poll_dispatch
 .text.cyw43_driver_init
                0x10006fe8       0x38 CMakeFiles/Blink.dir/Users/ianarchbell/Documents/Pico/pico-sdk/src/rp2_common/pico_cyw43_driver/cyw43_driver.c.o
                0x10006fe8                cyw43_driver_init
 .text.cyw43_driver_deinit
                0x10007020       0x64 CMakeFiles/Blink.dir/Users/ianarchbell/Documents/Pico/pico-sdk/src/rp2_common/pico_cyw43_driver/cyw43_driver.c.o
                0x10007020                cyw43_driver_deinit
 .text.cyw43_hal_generate_laa_mac
                0x10007084       0x34 CMakeFiles/Blink.dir/Users/ianarchbell/Documents/Pico/pico-sdk/src/rp2_common/pico_cyw43_driver/cyw43_driver.c.o
                0x10007084                cyw43_hal_generate_laa_mac
 .text.cyw43_thread_enter
                0x100070b8       0x14 CMakeFiles/Blink.dir/Users/ianarchbell/Documents/Pico/pico-sdk/src/rp2_common/pico_cyw43_driver/cyw43_driver.c.o
                0x100070b8                cyw43_thread_enter
 .text.cyw43_thread_exit
                0x100070cc       0x14 CMakeFiles/Blink.dir/Users/ianarchbell/Documents/Pico/pico-sdk/src/rp2_common/pico_cyw43_driver/cyw43_driver.c.o
                0x100070cc                cyw43_thread_exit
 .text.cyw43_thread_lock_check
                0x100070e0       0x14 CMakeFiles/Blink.dir/Users/ianarchbell/Documents/Pico/pico-sdk/src/rp2_common/pico_cyw43_driver/cyw43_driver.c.o
                0x100070e0                cyw43_thread_lock_check
 .text.cyw43_await_background_or_timeout_us
                0x100070f4       0x68 CMakeFiles/Blink.dir/Users/ianarchbell/Documents/Pico/pico-sdk/src/rp2_common/pico_cyw43_driver/cyw43_driver.c.o
                0x100070f4                cyw43_await_background_or_timeout_us
 .text.cyw43_delay_ms
                0x1000715c       0x44 CMakeFiles/Blink.dir/Users/ianarchbell/Documents/Pico/pico-sdk/src/rp2_common/pico_cyw43_driver/cyw43_driver.c.o
                0x1000715c                cyw43_delay_ms
 .text.cyw43_cb_tcpip_deinit
                0x100071a0        0x2 CMakeFiles/Blink.dir/Users/ianarchbell/Documents/Pico/pico-sdk/src/rp2_common/pico_cyw43_driver/cyw43_driver.c.o
                0x100071a0                cyw43_cb_tcpip_deinit
 .text.cyw43_cb_tcpip_set_link_up
                0x100071a2        0x6 CMakeFiles/Blink.dir/Users/ianarchbell/Documents/Pico/pico-sdk/src/rp2_common/pico_cyw43_driver/cyw43_driver.c.o
                0x100071a2                cyw43_cb_tcpip_set_link_up
 .text.cyw43_cb_tcpip_set_link_down
                0x100071a8        0x6 CMakeFiles/Blink.dir/Users/ianarchbell/Documents/Pico/pico-sdk/src/rp2_common/pico_cyw43_driver/cyw43_driver.c.o
                0x100071a8                cyw43_cb_tcpip_set_link_down
 .text.cyw43_cb_process_ethernet
                0x100071ae        0x6 CMakeFiles/Blink.dir/Users/ianarchbell/Documents/Pico/pico-sdk/src/rp2_common/pico_cyw43_driver/cyw43_driver.c.o
                0x100071ae                cyw43_cb_process_ethernet
 .text.handle_sync_func_call
                0x100071b4       0x22 CMakeFiles/Blink.dir/Users/ianarchbell/Documents/Pico/pico-sdk/src/rp2_common/pico_async_context/async_context_threadsafe_background.c.o
 .text.async_context_threadsafe_background_acquire_lock_blocking
                0x100071d6        0xa CMakeFiles/Blink.dir/Users/ianarchbell/Documents/Pico/pico-sdk/src/rp2_common/pico_async_context/async_context_threadsafe_background.c.o
 .text.async_context_threadsafe_background_lock_check
                0x100071e0       0x24 CMakeFiles/Blink.dir/Users/ianarchbell/Documents/Pico/pico-sdk/src/rp2_common/pico_async_context/async_context_threadsafe_background.c.o
 .text.process_under_lock
                0x10007204       0xdc CMakeFiles/Blink.dir/Users/ianarchbell/Documents/Pico/pico-sdk/src/rp2_common/pico_async_context/async_context_threadsafe_background.c.o
 .text.async_context_threadsafe_background_wake_up
                0x100072e0       0x4c CMakeFiles/Blink.dir/Users/ianarchbell/Documents/Pico/pico-sdk/src/rp2_common/pico_async_context/async_context_threadsafe_background.c.o
 .text.lock_release
                0x1000732c       0x42 CMakeFiles/Blink.dir/Users/ianarchbell/Documents/Pico/pico-sdk/src/rp2_common/pico_async_context/async_context_threadsafe_background.c.o
 *fill*         0x1000736e        0x2 
 .text.async_context_threadsafe_background_execute_sync
                0x10007370       0x88 CMakeFiles/Blink.dir/Users/ianarchbell/Documents/Pico/pico-sdk/src/rp2_common/pico_async_context/async_context_threadsafe_background.c.o
                0x10007370                async_context_threadsafe_background_execute_sync
 .text.async_context_threadsafe_background_release_lock
                0x100073f8        0x8 CMakeFiles/Blink.dir/Users/ianarchbell/Documents/Pico/pico-sdk/src/rp2_common/pico_async_context/async_context_threadsafe_background.c.o
 .text.alarm_handler
                0x10007400       0x16 CMakeFiles/Blink.dir/Users/ianarchbell/Documents/Pico/pico-sdk/src/rp2_common/pico_async_context/async_context_threadsafe_background.c.o
 .text.async_context_threadsafe_background_set_work_pending
                0x10007416        0xc CMakeFiles/Blink.dir/Users/ianarchbell/Documents/Pico/pico-sdk/src/rp2_common/pico_async_context/async_context_threadsafe_background.c.o
 *fill*         0x10007422        0x2 
 .text.low_prio_irq_deinit
                0x10007424       0x50 CMakeFiles/Blink.dir/Users/ianarchbell/Documents/Pico/pico-sdk/src/rp2_common/pico_async_context/async_context_threadsafe_background.c.o
 .text.async_context_threadsafe_background_deinit
                0x10007474       0x68 CMakeFiles/Blink.dir/Users/ianarchbell/Documents/Pico/pico-sdk/src/rp2_common/pico_async_context/async_context_threadsafe_background.c.o
 .text.low_priority_irq_handler
                0x100074dc       0x78 CMakeFiles/Blink.dir/Users/ianarchbell/Documents/Pico/pico-sdk/src/rp2_common/pico_async_context/async_context_threadsafe_background.c.o
 .text.async_context_threadsafe_background_wait_for_work_until
                0x10007554        0xa CMakeFiles/Blink.dir/Users/ianarchbell/Documents/Pico/pico-sdk/src/rp2_common/pico_async_context/async_context_threadsafe_background.c.o
 .text.async_context_threadsafe_background_wait_until
                0x1000755e       0x1a CMakeFiles/Blink.dir/Users/ianarchbell/Documents/Pico/pico-sdk/src/rp2_common/pico_async_context/async_context_threadsafe_background.c.o
 .text.async_context_threadsafe_background_when_pending_worker
                0x10007578       0x20 CMakeFiles/Blink.dir/Users/ianarchbell/Documents/Pico/pico-sdk/src/rp2_common/pico_async_context/async_context_threadsafe_background.c.o
 .text.async_context_threadsafe_background_add_when_pending_worker
                0x10007598       0x20 CMakeFiles/Blink.dir/Users/ianarchbell/Documents/Pico/pico-sdk/src/rp2_common/pico_async_context/async_context_threadsafe_background.c.o
 .text.async_context_threadsafe_background_remove_at_time_worker
                0x100075b8       0x20 CMakeFiles/Blink.dir/Users/ianarchbell/Documents/Pico/pico-sdk/src/rp2_common/pico_async_context/async_context_threadsafe_background.c.o
 .text.async_context_threadsafe_background_add_at_time_worker
                0x100075d8       0x20 CMakeFiles/Blink.dir/Users/ianarchbell/Documents/Pico/pico-sdk/src/rp2_common/pico_async_context/async_context_threadsafe_background.c.o
 .text.alarm_pool_create_with_unused_hardware_alarm
                0x100075f8       0x10 CMakeFiles/Blink.dir/Users/ianarchbell/Documents/Pico/pico-sdk/src/rp2_common/pico_async_context/async_context_threadsafe_background.c.o
 .text.low_prio_irq_init
                0x10007608       0x84 CMakeFiles/Blink.dir/Users/ianarchbell/Documents/Pico/pico-sdk/src/rp2_common/pico_async_context/async_context_threadsafe_background.c.o
 .text.async_context_threadsafe_background_default_config
                0x1000768c        0xa CMakeFiles/Blink.dir/Users/ianarchbell/Documents/Pico/pico-sdk/src/rp2_common/pico_async_context/async_context_threadsafe_background.c.o
                0x1000768c                async_context_threadsafe_background_default_config
 *fill*         0x10007696        0x2 
 .text.async_context_threadsafe_background_init
                0x10007698       0x8c CMakeFiles/Blink.dir/Users/ianarchbell/Documents/Pico/pico-sdk/src/rp2_common/pico_async_context/async_context_threadsafe_background.c.o
                0x10007698                async_context_threadsafe_background_init
 .text.async_context_base_add_at_time_worker
                0x10007724       0x22 CMakeFiles/Blink.dir/Users/ianarchbell/Documents/Pico/pico-sdk/src/rp2_common/pico_async_context/async_context_base.c.o
                0x10007724                async_context_base_add_at_time_worker
 .text.async_context_base_remove_at_time_worker
                0x10007746       0x22 CMakeFiles/Blink.dir/Users/ianarchbell/Documents/Pico/pico-sdk/src/rp2_common/pico_async_context/async_context_base.c.o
                0x10007746                async_context_base_remove_at_time_worker
 .text.async_context_base_add_when_pending_worker
                0x10007768       0x20 CMakeFiles/Blink.dir/Users/ianarchbell/Documents/Pico/pico-sdk/src/rp2_common/pico_async_context/async_context_base.c.o
                0x10007768                async_context_base_add_when_pending_worker
 .text.async_context_base_remove_when_pending_worker
                0x10007788       0x20 CMakeFiles/Blink.dir/Users/ianarchbell/Documents/Pico/pico-sdk/src/rp2_common/pico_async_context/async_context_base.c.o
                0x10007788                async_context_base_remove_when_pending_worker
 .text.async_context_base_remove_ready_at_time_worker
                0x100077a8       0x7c CMakeFiles/Blink.dir/Users/ianarchbell/Documents/Pico/pico-sdk/src/rp2_common/pico_async_context/async_context_base.c.o
                0x100077a8                async_context_base_remove_ready_at_time_worker
 .text.async_context_base_refresh_next_timeout
                0x10007824       0x48 CMakeFiles/Blink.dir/Users/ianarchbell/Documents/Pico/pico-sdk/src/rp2_common/pico_async_context/async_context_base.c.o
                0x10007824                async_context_base_refresh_next_timeout
 .text.async_context_base_execute_once
                0x1000786c       0x40 CMakeFiles/Blink.dir/Users/ianarchbell/Documents/Pico/pico-sdk/src/rp2_common/pico_async_context/async_context_base.c.o
                0x1000786c                async_context_base_execute_once
 .text.async_context_base_needs_servicing
                0x100078ac       0x50 CMakeFiles/Blink.dir/Users/ianarchbell/Documents/Pico/pico-sdk/src/rp2_common/pico_async_context/async_context_base.c.o
                0x100078ac                async_context_base_needs_servicing
 .text.prvHeapInit
                0x100078fc       0x58 CMakeFiles/Blink.dir/__/lib/FreeRTOS-Kernel/portable/MemMang/heap_4.c.o
 .text.prvInsertBlockIntoFreeList
                0x10007954       0x88 CMakeFiles/Blink.dir/__/lib/FreeRTOS-Kernel/portable/MemMang/heap_4.c.o
 .text.pvPortMalloc
                0x100079dc      0x188 CMakeFiles/Blink.dir/__/lib/FreeRTOS-Kernel/portable/MemMang/heap_4.c.o
                0x100079dc                pvPortMalloc
 .text.vPortFree
                0x10007b64       0xa4 CMakeFiles/Blink.dir/__/lib/FreeRTOS-Kernel/portable/MemMang/heap_4.c.o
                0x10007b64                vPortFree
 .text.vPortGetHeapStats
                0x10007c08       0x84 CMakeFiles/Blink.dir/__/lib/FreeRTOS-Kernel/portable/MemMang/heap_4.c.o
                0x10007c08                vPortGetHeapStats
 .text.vPortSVCHandler
                0x10007c8c        0x2 CMakeFiles/Blink.dir/__/lib/FreeRTOS-Kernel/portable/ThirdParty/GCC/RP2040/port.c.o
                0x10007c8c                vPortSVCHandler
 *fill*         0x10007c8e        0x2 
 .text.vPortStartFirstTask
                0x10007c90       0x38 CMakeFiles/Blink.dir/__/lib/FreeRTOS-Kernel/portable/ThirdParty/GCC/RP2040/port.c.o
 .text.prvFIFOInterruptHandler
                0x10007cc8       0x28 CMakeFiles/Blink.dir/__/lib/FreeRTOS-Kernel/portable/ThirdParty/GCC/RP2040/port.c.o
 .text.xPortPendSVHandler
                0x10007cf0       0x78 CMakeFiles/Blink.dir/__/lib/FreeRTOS-Kernel/portable/ThirdParty/GCC/RP2040/port.c.o
                0x10007cf0                xPortPendSVHandler
 .text.prvTaskExitError
                0x10007d68        0x6 CMakeFiles/Blink.dir/__/lib/FreeRTOS-Kernel/portable/ThirdParty/GCC/RP2040/port.c.o
 *fill*         0x10007d6e        0x2 
 .text.xPortSysTickHandler
                0x10007d70       0x24 CMakeFiles/Blink.dir/__/lib/FreeRTOS-Kernel/portable/ThirdParty/GCC/RP2040/port.c.o
                0x10007d70                xPortSysTickHandler
 .text.prvGetTicksToWaitBefore
                0x10007d94       0x40 CMakeFiles/Blink.dir/__/lib/FreeRTOS-Kernel/portable/ThirdParty/GCC/RP2040/port.c.o
 .text.pxPortInitialiseStack
                0x10007dd4       0x24 CMakeFiles/Blink.dir/__/lib/FreeRTOS-Kernel/portable/ThirdParty/GCC/RP2040/port.c.o
                0x10007dd4                pxPortInitialiseStack
 .text.vPortYield
                0x10007df8       0x18 CMakeFiles/Blink.dir/__/lib/FreeRTOS-Kernel/portable/ThirdParty/GCC/RP2040/port.c.o
                0x10007df8                vPortYield
 .text.ulSetInterruptMaskFromISR
                0x10007e10        0x8 CMakeFiles/Blink.dir/__/lib/FreeRTOS-Kernel/portable/ThirdParty/GCC/RP2040/port.c.o
                0x10007e10                ulSetInterruptMaskFromISR
 .text.vClearInterruptMaskFromISR
                0x10007e18        0x6 CMakeFiles/Blink.dir/__/lib/FreeRTOS-Kernel/portable/ThirdParty/GCC/RP2040/port.c.o
                0x10007e18                vClearInterruptMaskFromISR
 *fill*         0x10007e1e        0x2 
 .text.vYieldCore
                0x10007e20       0x34 CMakeFiles/Blink.dir/__/lib/FreeRTOS-Kernel/portable/ThirdParty/GCC/RP2040/port.c.o
                0x10007e20                vYieldCore
 .text.vPortSetupTimerInterrupt
                0x10007e54       0x34 CMakeFiles/Blink.dir/__/lib/FreeRTOS-Kernel/portable/ThirdParty/GCC/RP2040/port.c.o
                0x10007e54                vPortSetupTimerInterrupt
 .text.xPortStartSchedulerOnCore
                0x10007e88       0xa8 CMakeFiles/Blink.dir/__/lib/FreeRTOS-Kernel/portable/ThirdParty/GCC/RP2040/port.c.o
 .text.xPortStartScheduler
                0x10007f30       0x64 CMakeFiles/Blink.dir/__/lib/FreeRTOS-Kernel/portable/ThirdParty/GCC/RP2040/port.c.o
                0x10007f30                xPortStartScheduler
 .text.prvDisableInterruptsAndPortStartSchedulerOnCore
                0x10007f94        0x8 CMakeFiles/Blink.dir/__/lib/FreeRTOS-Kernel/portable/ThirdParty/GCC/RP2040/port.c.o
 .text.ulPortLockGetCurrentOwnerId
                0x10007f9c       0x30 CMakeFiles/Blink.dir/__/lib/FreeRTOS-Kernel/portable/ThirdParty/GCC/RP2040/port.c.o
                0x10007f9c                ulPortLockGetCurrentOwnerId
 .text.vPortLockInternalSpinUnlockWithWait
                0x10007fcc       0xa0 CMakeFiles/Blink.dir/__/lib/FreeRTOS-Kernel/portable/ThirdParty/GCC/RP2040/port.c.o
                0x10007fcc                vPortLockInternalSpinUnlockWithWait
 .text.vPortLockInternalSpinUnlockWithNotify
                0x1000806c       0x8c CMakeFiles/Blink.dir/__/lib/FreeRTOS-Kernel/portable/ThirdParty/GCC/RP2040/port.c.o
                0x1000806c                vPortLockInternalSpinUnlockWithNotify
 .text.xPortLockInternalSpinUnlockWithBestEffortWaitOrTimeout
                0x100080f8       0xf0 CMakeFiles/Blink.dir/__/lib/FreeRTOS-Kernel/portable/ThirdParty/GCC/RP2040/port.c.o
                0x100080f8                xPortLockInternalSpinUnlockWithBestEffortWaitOrTimeout
 .text.prvRuntimeInitializer
                0x100081e8       0x10 CMakeFiles/Blink.dir/__/lib/FreeRTOS-Kernel/portable/ThirdParty/GCC/RP2040/port.c.o
 .text.prvTestWaitCondition
                0x100081f8       0x1e CMakeFiles/Blink.dir/__/lib/FreeRTOS-Kernel/event_groups.c.o
 .text.xEventGroupCreate
                0x10008216       0x18 CMakeFiles/Blink.dir/__/lib/FreeRTOS-Kernel/event_groups.c.o
                0x10008216                xEventGroupCreate
 *fill*         0x1000822e        0x2 
 .text.xEventGroupWaitBits
                0x10008230      0x120 CMakeFiles/Blink.dir/__/lib/FreeRTOS-Kernel/event_groups.c.o
                0x10008230                xEventGroupWaitBits
 .text.xEventGroupSetBits
                0x10008350       0x9c CMakeFiles/Blink.dir/__/lib/FreeRTOS-Kernel/event_groups.c.o
                0x10008350                xEventGroupSetBits
 .text.vEventGroupSetBitsCallback
                0x100083ec        0x8 CMakeFiles/Blink.dir/__/lib/FreeRTOS-Kernel/event_groups.c.o
                0x100083ec                vEventGroupSetBitsCallback
 .text.xEventGroupSetBitsFromISR
                0x100083f4       0x18 CMakeFiles/Blink.dir/__/lib/FreeRTOS-Kernel/event_groups.c.o
                0x100083f4                xEventGroupSetBitsFromISR
 .text.vListInitialise
                0x1000840c       0x16 CMakeFiles/Blink.dir/__/lib/FreeRTOS-Kernel/list.c.o
                0x1000840c                vListInitialise
 .text.vListInitialiseItem
                0x10008422        0x6 CMakeFiles/Blink.dir/__/lib/FreeRTOS-Kernel/list.c.o
                0x10008422                vListInitialiseItem
 .text.vListInsertEnd
                0x10008428       0x16 CMakeFiles/Blink.dir/__/lib/FreeRTOS-Kernel/list.c.o
                0x10008428                vListInsertEnd
 .text.vListInsert
                0x1000843e       0x2e CMakeFiles/Blink.dir/__/lib/FreeRTOS-Kernel/list.c.o
                0x1000843e                vListInsert
 .text.uxListRemove
                0x1000846c       0x24 CMakeFiles/Blink.dir/__/lib/FreeRTOS-Kernel/list.c.o
                0x1000846c                uxListRemove
 .text.prvIsQueueEmpty
                0x10008490       0x1c CMakeFiles/Blink.dir/__/lib/FreeRTOS-Kernel/queue.c.o
 .text.prvCopyDataToQueue
                0x100084ac       0x7e CMakeFiles/Blink.dir/__/lib/FreeRTOS-Kernel/queue.c.o
 .text.prvCopyDataFromQueue
                0x1000852a       0x24 CMakeFiles/Blink.dir/__/lib/FreeRTOS-Kernel/queue.c.o
 *fill*         0x1000854e        0x2 
 .text.prvNotifyQueueSetContainer
                0x10008550       0xa8 CMakeFiles/Blink.dir/__/lib/FreeRTOS-Kernel/queue.c.o
 .text.prvUnlockQueue
                0x100085f8       0x88 CMakeFiles/Blink.dir/__/lib/FreeRTOS-Kernel/queue.c.o
 .text.xQueueGenericReset
                0x10008680       0xd4 CMakeFiles/Blink.dir/__/lib/FreeRTOS-Kernel/queue.c.o
                0x10008680                xQueueGenericReset
 .text.prvInitialiseNewQueue
                0x10008754       0x26 CMakeFiles/Blink.dir/__/lib/FreeRTOS-Kernel/queue.c.o
 *fill*         0x1000877a        0x2 
 .text.xQueueGenericCreate
                0x1000877c       0x88 CMakeFiles/Blink.dir/__/lib/FreeRTOS-Kernel/queue.c.o
                0x1000877c                xQueueGenericCreate
 .text.xQueueGenericSendFromISR
                0x10008804      0x13c CMakeFiles/Blink.dir/__/lib/FreeRTOS-Kernel/queue.c.o
                0x10008804                xQueueGenericSendFromISR
 .text.xQueueReceive
                0x10008940      0x150 CMakeFiles/Blink.dir/__/lib/FreeRTOS-Kernel/queue.c.o
                0x10008940                xQueueReceive
 .text.vQueueAddToRegistry
                0x10008a90       0x68 CMakeFiles/Blink.dir/__/lib/FreeRTOS-Kernel/queue.c.o
                0x10008a90                vQueueAddToRegistry
 .text.vQueueWaitForMessageRestricted
                0x10008af8       0x50 CMakeFiles/Blink.dir/__/lib/FreeRTOS-Kernel/queue.c.o
                0x10008af8                vQueueWaitForMessageRestricted
 .text.prvTaskCheckFreeStackSpace
                0x10008b48       0x12 CMakeFiles/Blink.dir/__/lib/FreeRTOS-Kernel/tasks.c.o
 *fill*         0x10008b5a        0x2 
 .text.prvResetNextTaskUnblockTime
                0x10008b5c       0x2c CMakeFiles/Blink.dir/__/lib/FreeRTOS-Kernel/tasks.c.o
 .text.prvDeleteTCB
                0x10008b88       0x12 CMakeFiles/Blink.dir/__/lib/FreeRTOS-Kernel/tasks.c.o
 *fill*         0x10008b9a        0x2 
 .text.prvInitialiseNewTask
                0x10008b9c       0xd4 CMakeFiles/Blink.dir/__/lib/FreeRTOS-Kernel/tasks.c.o
 .text.prvCreateTask
                0x10008c70       0x56 CMakeFiles/Blink.dir/__/lib/FreeRTOS-Kernel/tasks.c.o
 *fill*         0x10008cc6        0x2 
 .text.prvPassiveIdleTask
                0x10008cc8       0x18 CMakeFiles/Blink.dir/__/lib/FreeRTOS-Kernel/tasks.c.o
 .text.prvInitialiseTaskLists
                0x10008ce0       0x68 CMakeFiles/Blink.dir/__/lib/FreeRTOS-Kernel/tasks.c.o
 .text.prvYieldForTask
                0x10008d48       0xcc CMakeFiles/Blink.dir/__/lib/FreeRTOS-Kernel/tasks.c.o
 .text.prvSelectHighestPriorityTask
                0x10008e14      0x21c CMakeFiles/Blink.dir/__/lib/FreeRTOS-Kernel/tasks.c.o
 .text.vPortRecursiveLock
                0x10009030       0xf0 CMakeFiles/Blink.dir/__/lib/FreeRTOS-Kernel/tasks.c.o
 .text.prvCheckForRunStateChange
                0x10009120       0xa8 CMakeFiles/Blink.dir/__/lib/FreeRTOS-Kernel/tasks.c.o
 .text.vTaskSuspendAll
                0x100091c8       0x8c CMakeFiles/Blink.dir/__/lib/FreeRTOS-Kernel/tasks.c.o
                0x100091c8                vTaskSuspendAll
 .text.xTaskGetTickCount
                0x10009254        0xc CMakeFiles/Blink.dir/__/lib/FreeRTOS-Kernel/tasks.c.o
                0x10009254                xTaskGetTickCount
 .text.uxTaskGetNumberOfTasks
                0x10009260        0xc CMakeFiles/Blink.dir/__/lib/FreeRTOS-Kernel/tasks.c.o
                0x10009260                uxTaskGetNumberOfTasks
 .text.xTaskIncrementTick
                0x1000926c      0x1e8 CMakeFiles/Blink.dir/__/lib/FreeRTOS-Kernel/tasks.c.o
                0x1000926c                xTaskIncrementTick
 .text.vTaskSwitchContext
                0x10009454       0xa0 CMakeFiles/Blink.dir/__/lib/FreeRTOS-Kernel/tasks.c.o
                0x10009454                vTaskSwitchContext
 .text.xTaskRemoveFromEventList
                0x100094f4       0xfc CMakeFiles/Blink.dir/__/lib/FreeRTOS-Kernel/tasks.c.o
                0x100094f4                xTaskRemoveFromEventList
 .text.vTaskInternalSetTimeOutState
                0x100095f0       0x18 CMakeFiles/Blink.dir/__/lib/FreeRTOS-Kernel/tasks.c.o
                0x100095f0                vTaskInternalSetTimeOutState
 .text.vTaskMissedYield
                0x10009608       0x14 CMakeFiles/Blink.dir/__/lib/FreeRTOS-Kernel/tasks.c.o
                0x10009608                vTaskMissedYield
 .text.xTaskGetCurrentTaskHandle
                0x1000961c       0x1c CMakeFiles/Blink.dir/__/lib/FreeRTOS-Kernel/tasks.c.o
                0x1000961c                xTaskGetCurrentTaskHandle
 .text.prvAddCurrentTaskToDelayedList
                0x10009638       0xb8 CMakeFiles/Blink.dir/__/lib/FreeRTOS-Kernel/tasks.c.o
 .text.vTaskPlaceOnEventList
                0x100096f0       0x40 CMakeFiles/Blink.dir/__/lib/FreeRTOS-Kernel/tasks.c.o
                0x100096f0                vTaskPlaceOnEventList
 .text.vTaskPlaceOnUnorderedEventList
                0x10009730       0x8c CMakeFiles/Blink.dir/__/lib/FreeRTOS-Kernel/tasks.c.o